<html>
<body>
<pre>
<h1>µVision Build Log</h1>
<h2>Tool Versions:</h2>
IDE-Version: ¦ÌVision V5.25.2.0
Copyright (C) 2018 ARM Ltd and ARM Germany GmbH. All rights reserved.
License Information: 1 Senen, 1, LIC=65III-TBYPN-ZWC2V-PSKNZ-UEXB1-GVHPT
 
Tool Versions:
Toolchain:       MDK-ARM Plus  Version: 5.25.2.0
Toolchain Path:  D:\soft\keil5\ARM\ARMCC\Bin
C Compiler:      Armcc.exe V5.06 update 6 (build 750)
Assembler:       Armasm.exe V5.06 update 6 (build 750)
Linker/Locator:  ArmLink.exe V5.06 update 6 (build 750)
Library Manager: ArmAr.exe V5.06 update 6 (build 750)
Hex Converter:   FromElf.exe V5.06 update 6 (build 750)
CPU DLL:         SARMCM3.DLL V5.25.2.0
Dialog DLL:      DCM.DLL V1.17.1.0
Target DLL:      Segger\JL2CM3.dll V2.99.29.0
Dialog DLL:      TCM.DLL V1.35.1.0
 
<h2>Project:</h2>
d:\Desktop\antenna\sjtt_study_board\Payload-SDK\samples\sample_c\platform\rtos_freertos\stm32f4_discovery\project\mdk\mdk_app.uvprojx
Project File Date:  04/02/2024

<h2>Output:</h2>
*** Using Compiler 'V5.06 update 6 (build 750)', folder: 'D:\soft\keil5\ARM\ARMCC\Bin'
Build target 'mdk_app'
compiling application.c...
..\..\drivers\BSP\myiic.h(52): warning:  #1-D: last line of file ends without a newline
  #endif
..\..\application\application.c: 1 warning, 0 errors
linking...
Program Size: Code=219588 RO-data=260700 RW-data=17864 ZI-data=107608  
After Build - User command #1: D:\soft\keil5\ARM\ARMCC\bin\fromelf.exe .\Objects\mdk_app.axf --bin --output .\dji_sdk_demo_rtos.bin
".\Objects\mdk_app.axf" - 0 Error(s), 1 Warning(s).

<h2>Software Packages used:</h2>

Package Vendor: Keil
                http://www.keil.com/pack/Keil.STM32F4xx_DFP.2.13.0.pack
                Keil.STM32F4xx_DFP.2.13.0
                STMicroelectronics STM32F4 Series Device Support, Drivers and Examples

<h2>Collection of Component include folders:</h2>
  .\RTE\_mdk_app
  D:\soft\keil5\Pack\Keil\STM32F4xx_DFP\2.13.0\Drivers\CMSIS\Device\ST\STM32F4xx\Include

<h2>Collection of Component Files used:</h2>
Build Time Elapsed:  00:00:06
</pre>
</body>
</html>
