<!doctype html public "-//w3c//dtd html 4.0 transitional//en">
<html><head>
<title>Static Call Graph - [.\Objects\mdk_app.axf]</title></head>
<body><HR>
<H1>Static Call Graph for image .\Objects\mdk_app.axf</H1><HR>
<BR><P>#&#060CALLGRAPH&#062# ARM Linker, 5060750: Last Updated: Wed May 08 15:10:55 2024
<BR><P>
<H3>Maximum Stack Usage =          0 bytes + Unknown(Cycles, Untraceable Function Pointers)</H3><H3>
Call chain for Maximum Stack Depth:</H3>

<P>
<H3>
Mutually Recursive functions
</H3> <LI><a href="#[76]">ADC_IRQHandler</a>&nbsp;&nbsp;&nbsp;&rArr;&nbsp;&nbsp;&nbsp;<a href="#[76]">ADC_IRQHandler</a><BR>
 <LI><a href="#[310]">cJSON_Delete</a>&nbsp;&nbsp;&nbsp;&rArr;&nbsp;&nbsp;&nbsp;<a href="#[310]">cJSON_Delete</a><BR>
 <LI><a href="#[409]">parse_object</a>&nbsp;&nbsp;&nbsp;&rArr;&nbsp;&nbsp;&nbsp;<a href="#[3f5]">parse_value</a><BR>
 <LI><a href="#[404]">parse_array</a>&nbsp;&nbsp;&nbsp;&rArr;&nbsp;&nbsp;&nbsp;<a href="#[3f5]">parse_value</a><BR>
 <LI><a href="#[27b]">DjiFileSearcher_SearchFile</a>&nbsp;&nbsp;&nbsp;&rArr;&nbsp;&nbsp;&nbsp;<a href="#[27b]">DjiFileSearcher_SearchFile</a><BR>
</UL>
<P>
<H3>
Function Pointers
</H3><UL>
 <LI><a href="#[76]">ADC_IRQHandler</a> from startup_stm32f407xx.o(.text) referenced from startup_stm32f407xx.o(RESET)
 <LI><a href="#[5e]">BusFault_Handler</a> from stm32f4xx_it.o(i.BusFault_Handler) referenced from startup_stm32f407xx.o(RESET)
 <LI><a href="#[78]">CAN1_RX0_IRQHandler</a> from startup_stm32f407xx.o(.text) referenced from startup_stm32f407xx.o(RESET)
 <LI><a href="#[79]">CAN1_RX1_IRQHandler</a> from startup_stm32f407xx.o(.text) referenced from startup_stm32f407xx.o(RESET)
 <LI><a href="#[7a]">CAN1_SCE_IRQHandler</a> from startup_stm32f407xx.o(.text) referenced from startup_stm32f407xx.o(RESET)
 <LI><a href="#[77]">CAN1_TX_IRQHandler</a> from startup_stm32f407xx.o(.text) referenced from startup_stm32f407xx.o(RESET)
 <LI><a href="#[a4]">CAN2_RX0_IRQHandler</a> from startup_stm32f407xx.o(.text) referenced from startup_stm32f407xx.o(RESET)
 <LI><a href="#[a5]">CAN2_RX1_IRQHandler</a> from startup_stm32f407xx.o(.text) referenced from startup_stm32f407xx.o(RESET)
 <LI><a href="#[a6]">CAN2_SCE_IRQHandler</a> from startup_stm32f407xx.o(.text) referenced from startup_stm32f407xx.o(RESET)
 <LI><a href="#[a3]">CAN2_TX_IRQHandler</a> from startup_stm32f407xx.o(.text) referenced from startup_stm32f407xx.o(RESET)
 <LI><a href="#[b2]">DCMI_IRQHandler</a> from startup_stm32f407xx.o(.text) referenced from startup_stm32f407xx.o(RESET)
 <LI><a href="#[6f]">DMA1_Stream0_IRQHandler</a> from startup_stm32f407xx.o(.text) referenced from startup_stm32f407xx.o(RESET)
 <LI><a href="#[70]">DMA1_Stream1_IRQHandler</a> from startup_stm32f407xx.o(.text) referenced from startup_stm32f407xx.o(RESET)
 <LI><a href="#[71]">DMA1_Stream2_IRQHandler</a> from startup_stm32f407xx.o(.text) referenced from startup_stm32f407xx.o(RESET)
 <LI><a href="#[72]">DMA1_Stream3_IRQHandler</a> from startup_stm32f407xx.o(.text) referenced from startup_stm32f407xx.o(RESET)
 <LI><a href="#[73]">DMA1_Stream4_IRQHandler</a> from startup_stm32f407xx.o(.text) referenced from startup_stm32f407xx.o(RESET)
 <LI><a href="#[74]">DMA1_Stream5_IRQHandler</a> from startup_stm32f407xx.o(.text) referenced from startup_stm32f407xx.o(RESET)
 <LI><a href="#[75]">DMA1_Stream6_IRQHandler</a> from startup_stm32f407xx.o(.text) referenced from startup_stm32f407xx.o(RESET)
 <LI><a href="#[93]">DMA1_Stream7_IRQHandler</a> from startup_stm32f407xx.o(.text) referenced from startup_stm32f407xx.o(RESET)
 <LI><a href="#[9c]">DMA2_Stream0_IRQHandler</a> from startup_stm32f407xx.o(.text) referenced from startup_stm32f407xx.o(RESET)
 <LI><a href="#[9d]">DMA2_Stream1_IRQHandler</a> from startup_stm32f407xx.o(.text) referenced from startup_stm32f407xx.o(RESET)
 <LI><a href="#[9e]">DMA2_Stream2_IRQHandler</a> from startup_stm32f407xx.o(.text) referenced from startup_stm32f407xx.o(RESET)
 <LI><a href="#[9f]">DMA2_Stream3_IRQHandler</a> from startup_stm32f407xx.o(.text) referenced from startup_stm32f407xx.o(RESET)
 <LI><a href="#[a0]">DMA2_Stream4_IRQHandler</a> from startup_stm32f407xx.o(.text) referenced from startup_stm32f407xx.o(RESET)
 <LI><a href="#[a8]">DMA2_Stream5_IRQHandler</a> from startup_stm32f407xx.o(.text) referenced from startup_stm32f407xx.o(RESET)
 <LI><a href="#[a9]">DMA2_Stream6_IRQHandler</a> from startup_stm32f407xx.o(.text) referenced from startup_stm32f407xx.o(RESET)
 <LI><a href="#[aa]">DMA2_Stream7_IRQHandler</a> from startup_stm32f407xx.o(.text) referenced from startup_stm32f407xx.o(RESET)
 <LI><a href="#[61]">DebugMon_Handler</a> from stm32f4xx_it.o(i.DebugMon_Handler) referenced from startup_stm32f407xx.o(RESET)
 <LI><a href="#[126]">DjiAircraftConnection_CheckExtensionPortConnectStatusBySdkProtocol</a> from dji_aircraft_connection.o(i.DjiAircraftConnection_CheckExtensionPortConnectStatusBySdkProtocol) referenced 2 times from dji_aircraft_info_param_config.o(.constdata)
 <LI><a href="#[127]">DjiAircraftConnection_CheckExtensionPortConnectStatusByV1Protocol</a> from dji_aircraft_connection.o(i.DjiAircraftConnection_CheckExtensionPortConnectStatusByV1Protocol) referenced 6 times from dji_aircraft_info_param_config.o(.constdata)
 <LI><a href="#[123]">DjiAircraftConnection_CheckPayloadPortConnectStatus</a> from dji_aircraft_connection.o(i.DjiAircraftConnection_CheckPayloadPortConnectStatus) referenced 3 times from dji_aircraft_info_param_config.o(.constdata)
 <LI><a href="#[11f]">DjiAircraftConnection_ReceiveFCAPPingHandle</a> from dji_aircraft_connection.o(i.DjiAircraftConnection_ReceiveFCAPPingHandle) referenced 4 times from dji_aircraft_connection.o(.constdata)
 <LI><a href="#[120]">DjiAircraftConnection_ReceiveFCGetVersionHandle</a> from dji_aircraft_connection.o(i.DjiAircraftConnection_ReceiveFCGetVersionHandle) referenced 4 times from dji_aircraft_connection.o(.constdata)
 <LI><a href="#[bb]">DjiAircraftInfo_CheckOSDKHeartBeatStatusAsyncCallback</a> from dji_aircraft_connection.o(i.DjiAircraftInfo_CheckOSDKHeartBeatStatusAsyncCallback) referenced from dji_aircraft_connection.o(i.DjiAircraftConnection_CheckExtensionPortConnectStatusBySdkProtocol)
 <LI><a href="#[bc]">DjiAircraftInfo_CheckPingStatusAsyncCallback</a> from dji_aircraft_connection.o(i.DjiAircraftInfo_CheckPingStatusAsyncCallback) referenced from dji_aircraft_connection.o(i.DjiAircraftConnection_CheckExtensionPortConnectStatusByV1Protocol)
 <LI><a href="#[bc]">DjiAircraftInfo_CheckPingStatusAsyncCallback</a> from dji_aircraft_connection.o(i.DjiAircraftInfo_CheckPingStatusAsyncCallback) referenced from dji_aircraft_connection.o(i.DjiAircraftConnection_CheckPayloadPortConnectStatus)
 <LI><a href="#[10d]">DjiAircraftInfo_NotifyMobileAppInfoHandle</a> from dji_aircraft_info.o(i.DjiAircraftInfo_NotifyMobileAppInfoHandle) referenced 2 times from dji_aircraft_info.o(.constdata)
 <LI><a href="#[bd]">DjiAircraftInfo_Work</a> from dji_aircraft_info.o(i.DjiAircraftInfo_Work) referenced from dji_aircraft_info.o(i.DjiAircraftInfo_Init)
 <LI><a href="#[10f]">DjiApplicationReadyState_GetPayloadCapabilitySetHandle</a> from dji_application_ready_state.o(i.DjiApplicationReadyState_GetPayloadCapabilitySetHandle) referenced 2 times from dji_application_ready_state.o(.constdata)
 <LI><a href="#[10e]">DjiApplicationReadyState_GetPayloadSdkReadyStateHandle</a> from dji_application_ready_state.o(i.DjiApplicationReadyState_GetPayloadSdkReadyStateHandle) referenced 2 times from dji_application_ready_state.o(.constdata)
 <LI><a href="#[111]">DjiApplicationReadyState_GetSerialNumber</a> from dji_application_ready_state.o(i.DjiApplicationReadyState_GetSerialNumber) referenced 4 times from dji_application_ready_state.o(.constdata)
 <LI><a href="#[110]">DjiApplicationReadyState_GetVersionHandle</a> from dji_application_ready_state.o(i.DjiApplicationReadyState_GetVersionHandle) referenced 4 times from dji_application_ready_state.o(.constdata)
 <LI><a href="#[be]">DjiBatteryLegacy_Task</a> from dji_battery_legacy.o(i.DjiBatteryLegacy_Task) referenced from dji_battery_legacy.o(i.DjiBatteryLegacy_SubscribeTopic)
 <LI><a href="#[128]">DjiBattery_WholeInfoPushingHandle</a> from dji_battery.o(i.DjiBattery_WholeInfoPushingHandle) referenced 2 times from dji_battery.o(.constdata)
 <LI><a href="#[141]">DjiChannel_bulkDeinit</a> from dji_channel_bulk.o(i.DjiChannel_bulkDeinit) referenced from dji_channel.o(.constdata)
 <LI><a href="#[140]">DjiChannel_bulkInit</a> from dji_channel_bulk.o(i.DjiChannel_bulkInit) referenced from dji_channel.o(.constdata)
 <LI><a href="#[143]">DjiChannel_bulkRead</a> from dji_channel_bulk.o(i.DjiChannel_bulkRead) referenced from dji_channel.o(.constdata)
 <LI><a href="#[142]">DjiChannel_bulkWrite</a> from dji_channel_bulk.o(i.DjiChannel_bulkWrite) referenced from dji_channel.o(.constdata)
 <LI><a href="#[13d]">DjiChannel_uartDeinit</a> from dji_channel_uart.o(i.DjiChannel_uartDeinit) referenced from dji_channel.o(.constdata)
 <LI><a href="#[13c]">DjiChannel_uartInit</a> from dji_channel_uart.o(i.DjiChannel_uartInit) referenced from dji_channel.o(.constdata)
 <LI><a href="#[13f]">DjiChannel_uartRead</a> from dji_channel_uart.o(i.DjiChannel_uartRead) referenced from dji_channel.o(.constdata)
 <LI><a href="#[13e]">DjiChannel_uartWrite</a> from dji_channel_uart.o(i.DjiChannel_uartWrite) referenced from dji_channel.o(.constdata)
 <LI><a href="#[145]">DjiChannel_udpDeinit</a> from dji_channel_udp.o(i.DjiChannel_udpDeinit) referenced from dji_channel.o(.constdata)
 <LI><a href="#[144]">DjiChannel_udpInit</a> from dji_channel_udp.o(i.DjiChannel_udpInit) referenced from dji_channel.o(.constdata)
 <LI><a href="#[147]">DjiChannel_udpRead</a> from dji_channel_udp.o(i.DjiChannel_udpRead) referenced from dji_channel.o(.constdata)
 <LI><a href="#[146]">DjiChannel_udpWrite</a> from dji_channel_udp.o(i.DjiChannel_udpWrite) referenced from dji_channel.o(.constdata)
 <LI><a href="#[bf]">DjiCommand_RecvWork</a> from dji_command.o(i.DjiCommand_RecvWork) referenced from dji_command.o(i.DjiCommand_Init)
 <LI><a href="#[c0]">DjiCommand_SendSyncCallback</a> from dji_command.o(i.DjiCommand_SendSyncCallback) referenced from dji_command.o(i.DjiCommand_SendSync)
 <LI><a href="#[c1]">DjiCore_RootTask</a> from dji_root_task.o(i.DjiCore_RootTask) referenced from dji_root_task.o(i.DjiCore_RootTaskInit)
 <LI><a href="#[1b]">DjiDataDownloader_DataEndSend</a> from dji_downloader.o(i.DjiDataDownloader_DataEndSend) referenced 4 times from dji_downloader.o(.data)
 <LI><a href="#[1a]">DjiDataDownloader_DataReStartSend</a> from dji_downloader.o(i.DjiDataDownloader_DataReStartSend) referenced 2 times from dji_downloader.o(.data)
 <LI><a href="#[19]">DjiDataDownloader_DataSendGetAck</a> from dji_downloader.o(i.DjiDataDownloader_DataSendGetAck) referenced 2 times from dji_downloader.o(.data)
 <LI><a href="#[18]">DjiDataDownloader_DataSending</a> from dji_downloader.o(i.DjiDataDownloader_DataSending) referenced 2 times from dji_downloader.o(.data)
 <LI><a href="#[17]">DjiDataDownloader_DataStartSend</a> from dji_downloader.o(i.DjiDataDownloader_DataStartSend) referenced 2 times from dji_downloader.o(.data)
 <LI><a href="#[129]">DjiDataDownloader_DownloadDataRequest</a> from dji_downloader.o(i.DjiDataDownloader_DownloadDataRequest) referenced 4 times from dji_downloader.o(.constdata)
 <LI><a href="#[1c]">DjiDataDownloader_EventException</a> from dji_downloader.o(i.DjiDataDownloader_EventException) referenced 2 times from dji_downloader.o(.data)
 <LI><a href="#[c2]">DjiDataDownloader_WorkThread</a> from dji_downloader.o(i.DjiDataDownloader_WorkThread) referenced from dji_downloader.o(i.DjiDataDownloader_Init)
 <LI><a href="#[4d]">DjiDataSubscriptionDb2_DeInit</a> from dji_data_subscription_db2.o(i.DjiDataSubscriptionDb2_DeInit) referenced 2 times from dji_data_subscription_db2.o(.data)
 <LI><a href="#[50]">DjiDataSubscriptionDb2_GetLastValue</a> from dji_data_subscription_db2.o(i.DjiDataSubscriptionDb2_GetLastValue) referenced 2 times from dji_data_subscription_db2.o(.data)
 <LI><a href="#[4c]">DjiDataSubscriptionDb2_Init</a> from dji_data_subscription_db2.o(i.DjiDataSubscriptionDb2_Init) referenced 2 times from dji_data_subscription_db2.o(.data)
 <LI><a href="#[4e]">DjiDataSubscriptionDb2_SubscribeTopic</a> from dji_data_subscription_db2.o(i.DjiDataSubscriptionDb2_SubscribeTopic) referenced 2 times from dji_data_subscription_db2.o(.data)
 <LI><a href="#[4f]">DjiDataSubscriptionDb2_UnsubscribeTopic</a> from dji_data_subscription_db2.o(i.DjiDataSubscriptionDb2_UnsubscribeTopic) referenced 2 times from dji_data_subscription_db2.o(.data)
 <LI><a href="#[3a]">DjiDataSubscriptionDb2p_DeInit</a> from dji_data_subscription_db2p.o(i.DjiDataSubscriptionDb2p_DeInit) referenced 2 times from dji_data_subscription_db2p.o(.data)
 <LI><a href="#[3d]">DjiDataSubscriptionDb2p_GetLastValueOfTopic</a> from dji_data_subscription_db2p.o(i.DjiDataSubscriptionDb2p_GetLastValueOfTopic) referenced 2 times from dji_data_subscription_db2p.o(.data)
 <LI><a href="#[136]">DjiDataSubscriptionDb2p_GetSubscriptionOps</a> from dji_data_subscription_db2p.o(i.DjiDataSubscriptionDb2p_GetSubscriptionOps) referenced 6 times from dji_data_subscription_param_config.o(.constdata)
 <LI><a href="#[39]">DjiDataSubscriptionDb2p_Init</a> from dji_data_subscription_db2p.o(i.DjiDataSubscriptionDb2p_Init) referenced 2 times from dji_data_subscription_db2p.o(.data)
 <LI><a href="#[3e]">DjiDataSubscriptionDb2p_QuaternionTopicSpecialCallback</a> from dji_data_subscription_db2p.o(i.DjiDataSubscriptionDb2p_QuaternionTopicSpecialCallback) referenced 2 times from dji_data_subscription_db2p.o(.data)
 <LI><a href="#[3b]">DjiDataSubscriptionDb2p_SubscribeTopic</a> from dji_data_subscription_db2p.o(i.DjiDataSubscriptionDb2p_SubscribeTopic) referenced 2 times from dji_data_subscription_db2p.o(.data)
 <LI><a href="#[3c]">DjiDataSubscriptionDb2p_UnsubscribeTopic</a> from dji_data_subscription_db2p.o(i.DjiDataSubscriptionDb2p_UnsubscribeTopic) referenced 2 times from dji_data_subscription_db2p.o(.data)
 <LI><a href="#[c3]">DjiDataSubscriptionDds_UnsubscribeTopicCallback</a> from dji_data_subscription_dds_v2.o(i.DjiDataSubscriptionDds_UnsubscribeTopicCallback) referenced from dji_data_subscription_dds_v2.o(i.DjiDataSubscriptionDds_v2_DeInit)
 <LI><a href="#[c3]">DjiDataSubscriptionDds_UnsubscribeTopicCallback</a> from dji_data_subscription_dds_v2.o(i.DjiDataSubscriptionDds_UnsubscribeTopicCallback) referenced from dji_data_subscription_dds_v2.o(i.DjiDataSubscriptionDds_v2_UnsubscribeTopic)
 <LI><a href="#[40]">DjiDataSubscriptionDds_v2_DeInit</a> from dji_data_subscription_dds_v2.o(i.DjiDataSubscriptionDds_v2_DeInit) referenced 2 times from dji_data_subscription_dds_v2.o(.data)
 <LI><a href="#[43]">DjiDataSubscriptionDds_v2_GetLastValueOfTopic</a> from dji_data_subscription_dds_v2.o(i.DjiDataSubscriptionDds_v2_GetLastValueOfTopic) referenced 2 times from dji_data_subscription_dds_v2.o(.data)
 <LI><a href="#[137]">DjiDataSubscriptionDds_v2_GetSubscriptionOps</a> from dji_data_subscription_dds_v2.o(i.DjiDataSubscriptionDds_v2_GetSubscriptionOps) referenced 4 times from dji_data_subscription_param_config.o(.constdata)
 <LI><a href="#[3f]">DjiDataSubscriptionDds_v2_Init</a> from dji_data_subscription_dds_v2.o(i.DjiDataSubscriptionDds_v2_Init) referenced 2 times from dji_data_subscription_dds_v2.o(.data)
 <LI><a href="#[148]">DjiDataSubscriptionDds_v2_RecvPublishDataCallback</a> from dji_data_subscription_dds_v2.o(i.DjiDataSubscriptionDds_v2_RecvPublishDataCallback) referenced 2 times from dji_data_subscription_dds_v2.o(.constdata)
 <LI><a href="#[41]">DjiDataSubscriptionDds_v2_SubscribeTopic</a> from dji_data_subscription_dds_v2.o(i.DjiDataSubscriptionDds_v2_SubscribeTopic) referenced 2 times from dji_data_subscription_dds_v2.o(.data)
 <LI><a href="#[42]">DjiDataSubscriptionDds_v2_UnsubscribeTopic</a> from dji_data_subscription_dds_v2.o(i.DjiDataSubscriptionDds_v2_UnsubscribeTopic) referenced 2 times from dji_data_subscription_dds_v2.o(.data)
 <LI><a href="#[58]">DjiDataSubscriptionOps_AddPackageDb2ByOPSync</a> from dji_data_subscription_ops.o(i.DjiDataSubscriptionOps_AddPackageDb2ByOPSync) referenced 2 times from dji_data_subscription_ops.o(.data)
 <LI><a href="#[54]">DjiDataSubscriptionOps_AddPackageDb2ByV1Sync</a> from dji_data_subscription_ops.o(i.DjiDataSubscriptionOps_AddPackageDb2ByV1Sync) referenced 2 times from dji_data_subscription_ops.o(.data)
 <LI><a href="#[59]">DjiDataSubscriptionOps_RemovePackageDb2ByOPSync</a> from dji_data_subscription_ops.o(i.DjiDataSubscriptionOps_RemovePackageDb2ByOPSync) referenced 2 times from dji_data_subscription_ops.o(.data)
 <LI><a href="#[55]">DjiDataSubscriptionOps_RemovePackageDb2ByV1Sync</a> from dji_data_subscription_ops.o(i.DjiDataSubscriptionOps_RemovePackageDb2ByV1Sync) referenced 2 times from dji_data_subscription_ops.o(.data)
 <LI><a href="#[57]">DjiDataSubscriptionOps_ResetPublisherDb2ByOPSync</a> from dji_data_subscription_ops.o(i.DjiDataSubscriptionOps_ResetPublisherDb2ByOPSync) referenced 2 times from dji_data_subscription_ops.o(.data)
 <LI><a href="#[53]">DjiDataSubscriptionOps_ResetPublisherDb2ByV1Sync</a> from dji_data_subscription_ops.o(i.DjiDataSubscriptionOps_ResetPublisherDb2ByV1Sync) referenced 2 times from dji_data_subscription_ops.o(.data)
 <LI><a href="#[56]">DjiDataSubscriptionOps_VerifyPublisherDb2ByOPSync</a> from dji_data_subscription_ops.o(i.DjiDataSubscriptionOps_VerifyPublisherDb2ByOPSync) referenced 2 times from dji_data_subscription_ops.o(.data)
 <LI><a href="#[52]">DjiDataSubscriptionOps_VerifyPublisherDb2ByV1Sync</a> from dji_data_subscription_ops.o(i.DjiDataSubscriptionOps_VerifyPublisherDb2ByV1Sync) referenced 2 times from dji_data_subscription_ops.o(.data)
 <LI><a href="#[51]">DjiDataSubscriptionPublisher_RecvFCDataDb2Handle</a> from dji_data_subscription_publisher.o(i.DjiDataSubscriptionPublisher_RecvFCDataDb2Handle) referenced 2 times from dji_data_subscription_publisher.o(.data)
 <LI><a href="#[45]">DjiDownloadDataFile_Deinit</a> from dji_download_data_file.o(i.DjiDownloadDataFile_Deinit) referenced 2 times from dji_download_data_file.o(.data)
 <LI><a href="#[47]">DjiDownloadDataFile_GetData</a> from dji_download_data_file.o(i.DjiDownloadDataFile_GetData) referenced 2 times from dji_download_data_file.o(.data)
 <LI><a href="#[46]">DjiDownloadDataFile_GetDataTotalLength</a> from dji_download_data_file.o(i.DjiDownloadDataFile_GetDataTotalLength) referenced 2 times from dji_download_data_file.o(.data)
 <LI><a href="#[44]">DjiDownloadDataFile_Init</a> from dji_download_data_file.o(i.DjiDownloadDataFile_Init) referenced 2 times from dji_download_data_file.o(.data)
 <LI><a href="#[49]">DjiDownloadDataList_Deinit</a> from dji_download_data_list.o(i.DjiDownloadDataList_Deinit) referenced 2 times from dji_download_data_list.o(.data)
 <LI><a href="#[4b]">DjiDownloadDataList_GetData</a> from dji_download_data_list.o(i.DjiDownloadDataList_GetData) referenced 2 times from dji_download_data_list.o(.data)
 <LI><a href="#[4a]">DjiDownloadDataList_GetDataTotalLength</a> from dji_download_data_list.o(i.DjiDownloadDataList_GetDataTotalLength) referenced 2 times from dji_download_data_list.o(.data)
 <LI><a href="#[48]">DjiDownloadDataList_Init</a> from dji_download_data_list.o(i.DjiDownloadDataList_Init) referenced 2 times from dji_download_data_list.o(.data)
 <LI><a href="#[b]">DjiDownloadFileHms_GenerateFileList</a> from dji_download_file_hms.o(i.DjiDownloadFileHms_GenerateFileList) referenced 2 times from dji_download_file_hms.o(.data)
 <LI><a href="#[d]">DjiDownloadFileHms_GetFileCount</a> from dji_download_file_hms.o(i.DjiDownloadFileHms_GetFileCount) referenced 2 times from dji_download_file_hms.o(.data)
 <LI><a href="#[10]">DjiDownloadFileHms_GetFileData</a> from dji_download_file_hms.o(i.DjiDownloadFileHms_GetFileData) referenced 2 times from dji_download_file_hms.o(.data)
 <LI><a href="#[f]">DjiDownloadFileHms_GetFileInfo</a> from dji_download_file_hms.o(i.DjiDownloadFileHms_GetFileInfo) referenced 2 times from dji_download_file_hms.o(.data)
 <LI><a href="#[e]">DjiDownloadFileHms_GetFileInfoByListIndex</a> from dji_download_file_hms.o(i.DjiDownloadFileHms_GetFileInfoByListIndex) referenced 2 times from dji_download_file_hms.o(.data)
 <LI><a href="#[c]">DjiDownloadFileHms_IsFileListGenerated</a> from dji_download_file_hms.o(i.DjiDownloadFileHms_IsFileListGenerated) referenced 2 times from dji_download_file_hms.o(.data)
 <LI><a href="#[11]">DjiDownloadFileWidget_GenerateFileList</a> from dji_download_file_widget.o(i.DjiDownloadFileWidget_GenerateFileList) referenced 2 times from dji_download_file_widget.o(.data)
 <LI><a href="#[13]">DjiDownloadFileWidget_GetFileCount</a> from dji_download_file_widget.o(i.DjiDownloadFileWidget_GetFileCount) referenced 2 times from dji_download_file_widget.o(.data)
 <LI><a href="#[16]">DjiDownloadFileWidget_GetFileData</a> from dji_download_file_widget.o(i.DjiDownloadFileWidget_GetFileData) referenced 2 times from dji_download_file_widget.o(.data)
 <LI><a href="#[15]">DjiDownloadFileWidget_GetFileInfo</a> from dji_download_file_widget.o(i.DjiDownloadFileWidget_GetFileInfo) referenced 2 times from dji_download_file_widget.o(.data)
 <LI><a href="#[14]">DjiDownloadFileWidget_GetFileInfoByListIndex</a> from dji_download_file_widget.o(i.DjiDownloadFileWidget_GetFileInfoByListIndex) referenced 2 times from dji_download_file_widget.o(.data)
 <LI><a href="#[12]">DjiDownloadFileWidget_IsFileListGenerated</a> from dji_download_file_widget.o(i.DjiDownloadFileWidget_IsFileListGenerated) referenced 2 times from dji_download_file_widget.o(.data)
 <LI><a href="#[c4]">DjiFlowController_Task</a> from dji_flow_controller.o(i.DjiFlowController_Task) referenced from dji_flow_controller.o(i.DjiFlowController_ModuleInit)
 <LI><a href="#[12a]">DjiGimbalSubscription_ReceivePushDataHandle</a> from dji_gimbal_subscription.o(i.DjiGimbalSubscription_ReceivePushDataHandle) referenced 2 times from dji_gimbal_subscription.o(.constdata)
 <LI><a href="#[112]">DjiHighSpeedDataChannel_PushBaseBandInfoHandle</a> from dji_high_speed_data_channel.o(i.DjiHighSpeedDataChannel_PushBaseBandInfoHandle) referenced 4 times from dji_high_speed_data_channel.o(.constdata)
 <LI><a href="#[114]">DjiHighSpeedDataChannel_PushHighspeedChannelAvailableBandwidthHandle</a> from dji_high_speed_data_channel.o(i.DjiHighSpeedDataChannel_PushHighspeedChannelAvailableBandwidthHandle) referenced 2 times from dji_high_speed_data_channel.o(.constdata)
 <LI><a href="#[113]">DjiHighSpeedDataChannel_PushHighspeedChannelRealtimeBandwidthHandle</a> from dji_high_speed_data_channel.o(i.DjiHighSpeedDataChannel_PushHighspeedChannelRealtimeBandwidthHandle) referenced 4 times from dji_high_speed_data_channel.o(.constdata)
 <LI><a href="#[c5]">DjiHighSpeedDataChannel_Task</a> from dji_high_speed_data_channel.o(i.DjiHighSpeedDataChannel_Task) referenced from dji_high_speed_data_channel.o(i.DjiHighSpeedDataChannel_Init)
 <LI><a href="#[c6]">DjiHmsCustomization_Task</a> from dji_hms_customization.o(i.DjiHmsCustomization_Task) referenced from dji_hms_customization.o(i.DjiHmsCustomization_Init)
 <LI><a href="#[1e]">DjiHmsFileArray_Deinit</a> from dji_hms_text_config_file_array.o(i.DjiHmsFileArray_Deinit) referenced 2 times from dji_hms_text_config_file_array.o(.data)
 <LI><a href="#[20]">DjiHmsFileArray_DestroyFileList</a> from dji_hms_text_config_file_array.o(i.DjiHmsFileArray_DestroyFileList) referenced 2 times from dji_hms_text_config_file_array.o(.data)
 <LI><a href="#[1f]">DjiHmsFileArray_GenerateFileList</a> from dji_hms_text_config_file_array.o(i.DjiHmsFileArray_GenerateFileList) referenced 2 times from dji_hms_text_config_file_array.o(.data)
 <LI><a href="#[22]">DjiHmsFileArray_GetCreateTime</a> from dji_hms_text_config_file_array.o(i.DjiHmsFileArray_GetCreateTime) referenced 2 times from dji_hms_text_config_file_array.o(.data)
 <LI><a href="#[23]">DjiHmsFileArray_GetFileData</a> from dji_hms_text_config_file_array.o(i.DjiHmsFileArray_GetFileData) referenced 2 times from dji_hms_text_config_file_array.o(.data)
 <LI><a href="#[21]">DjiHmsFileArray_GetFileSize</a> from dji_hms_text_config_file_array.o(i.DjiHmsFileArray_GetFileSize) referenced 2 times from dji_hms_text_config_file_array.o(.data)
 <LI><a href="#[1d]">DjiHmsFileArray_Init</a> from dji_hms_text_config_file_array.o(i.DjiHmsFileArray_Init) referenced 2 times from dji_hms_text_config_file_array.o(.data)
 <LI><a href="#[25]">DjiHmsFileNormal_Deinit</a> from dji_hms_text_config_file_normal.o(i.DjiHmsFileNormal_Deinit) referenced 2 times from dji_hms_text_config_file_normal.o(.data)
 <LI><a href="#[27]">DjiHmsFileNormal_DestroyFileList</a> from dji_hms_text_config_file_normal.o(i.DjiHmsFileNormal_DestroyFileList) referenced 2 times from dji_hms_text_config_file_normal.o(.data)
 <LI><a href="#[26]">DjiHmsFileNormal_GenerateFileList</a> from dji_hms_text_config_file_normal.o(i.DjiHmsFileNormal_GenerateFileList) referenced 2 times from dji_hms_text_config_file_normal.o(.data)
 <LI><a href="#[29]">DjiHmsFileNormal_GetCreateTime</a> from dji_hms_text_config_file_normal.o(i.DjiHmsFileNormal_GetCreateTime) referenced 2 times from dji_hms_text_config_file_normal.o(.data)
 <LI><a href="#[2a]">DjiHmsFileNormal_GetFileData</a> from dji_hms_text_config_file_normal.o(i.DjiHmsFileNormal_GetFileData) referenced 2 times from dji_hms_text_config_file_normal.o(.data)
 <LI><a href="#[28]">DjiHmsFileNormal_GetFileSize</a> from dji_hms_text_config_file_normal.o(i.DjiHmsFileNormal_GetFileSize) referenced 2 times from dji_hms_text_config_file_normal.o(.data)
 <LI><a href="#[24]">DjiHmsFileNormal_Init</a> from dji_hms_text_config_file_normal.o(i.DjiHmsFileNormal_Init) referenced 2 times from dji_hms_text_config_file_normal.o(.data)
 <LI><a href="#[12b]">DjiIdentityVerify_GetIdentityVerifyHandle</a> from dji_identity_verify.o(i.DjiIdentityVerify_GetIdentityVerifyHandle) referenced 2 times from dji_identity_verify.o(.constdata)
 <LI><a href="#[c7]">DjiIdentityVerify_RequestUpdatePolicyAsyncCallback</a> from dji_identity_verify.o(i.DjiIdentityVerify_RequestUpdatePolicyAsyncCallback) referenced from dji_identity_verify.o(i.DjiIdentityVerify_RequestUpdatePolicyAsync)
 <LI><a href="#[12c]">DjiIdentityVerify_RequestUploadPolicyFileHandle</a> from dji_identity_verify.o(i.DjiIdentityVerify_RequestUploadPolicyFileHandle) referenced 2 times from dji_identity_verify.o(.constdata)
 <LI><a href="#[c8]">DjiLinker_RecvTask</a> from dji_linker.o(i.DjiLinker_RecvTask) referenced from dji_linker.o(i.DjiLinker_Init)
 <LI><a href="#[116]">DjiLowSpeedDataChannel_ReceiveDataFromCloudHandle</a> from dji_low_speed_data_channel.o(i.DjiLowSpeedDataChannel_ReceiveDataFromCloudHandle) referenced 2 times from dji_low_speed_data_channel.o(.constdata)
 <LI><a href="#[115]">DjiLowSpeedDataChannel_ReceiveDataFromMobileHandle</a> from dji_low_speed_data_channel.o(i.DjiLowSpeedDataChannel_ReceiveDataFromMobileHandle) referenced 6 times from dji_low_speed_data_channel.o(.constdata)
 <LI><a href="#[117]">DjiLowSpeedDataChannel_ReceiveDataFromOnboardComputerHandle</a> from dji_low_speed_data_channel.o(i.DjiLowSpeedDataChannel_ReceiveDataFromOnboardComputerHandle) referenced from dji_low_speed_data_channel.o(.constdata)
 <LI><a href="#[118]">DjiLowSpeedDataChannel_ReceiveDataFromPayloadHandle</a> from dji_low_speed_data_channel.o(i.DjiLowSpeedDataChannel_ReceiveDataFromPayloadHandle) referenced 3 times from dji_low_speed_data_channel.o(.constdata)
 <LI><a href="#[ca]">DjiLowSpeedDataChannel_SendDataToCloudWithoutFlowControl</a> from dji_low_speed_data_channel.o(i.DjiLowSpeedDataChannel_SendDataToCloudWithoutFlowControl) referenced from dji_low_speed_data_channel.o(i.DjiLowSpeedDataChannel_Init)
 <LI><a href="#[cd]">DjiLowSpeedDataChannel_SendDataToFirstPayloadWithoutFlowControl</a> from dji_low_speed_data_channel.o(i.DjiLowSpeedDataChannel_SendDataToFirstPayloadWithoutFlowControl) referenced from dji_low_speed_data_channel.o(i.DjiLowSpeedDataChannel_Init)
 <LI><a href="#[c9]">DjiLowSpeedDataChannel_SendDataToMobileWithoutFlowControl</a> from dji_low_speed_data_channel.o(i.DjiLowSpeedDataChannel_SendDataToMobileWithoutFlowControl) referenced from dji_low_speed_data_channel.o(i.DjiLowSpeedDataChannel_Init)
 <LI><a href="#[cb]">DjiLowSpeedDataChannel_SendDataToOnboardComputerWithoutFlowControl</a> from dji_low_speed_data_channel.o(i.DjiLowSpeedDataChannel_SendDataToOnboardComputerWithoutFlowControl) referenced from dji_low_speed_data_channel.o(i.DjiLowSpeedDataChannel_Init)
 <LI><a href="#[cc]">DjiLowSpeedDataChannel_SendDataToPayloadbySdkWithoutFlowControl</a> from dji_low_speed_data_channel.o(i.DjiLowSpeedDataChannel_SendDataToPayloadbySdkWithoutFlowControl) referenced from dji_low_speed_data_channel.o(i.DjiLowSpeedDataChannel_Init)
 <LI><a href="#[ce]">DjiLowSpeedDataChannel_SendDataToSecondPayloadWithoutFlowControl</a> from dji_low_speed_data_channel.o(i.DjiLowSpeedDataChannel_SendDataToSecondPayloadWithoutFlowControl) referenced from dji_low_speed_data_channel.o(i.DjiLowSpeedDataChannel_Init)
 <LI><a href="#[cf]">DjiLowSpeedDataChannel_SendDataToThirdPayloadWithoutFlowControl</a> from dji_low_speed_data_channel.o(i.DjiLowSpeedDataChannel_SendDataToThirdPayloadWithoutFlowControl) referenced from dji_low_speed_data_channel.o(i.DjiLowSpeedDataChannel_Init)
 <LI><a href="#[125]">DjiMountPosition_GetOnExtensionPort</a> from dji_mount_position.o(i.DjiMountPosition_GetOnExtensionPort) referenced 8 times from dji_aircraft_info_param_config.o(.constdata)
 <LI><a href="#[122]">DjiMountPosition_GetOnPayloadPort</a> from dji_mount_position.o(i.DjiMountPosition_GetOnPayloadPort) referenced 3 times from dji_aircraft_info_param_config.o(.constdata)
 <LI><a href="#[12e]">DjiPayloadCollaboration_PushCameraLensStateHandle</a> from dji_payload_collaboration.o(i.DjiPayloadCollaboration_PushCameraLensStateHandle) referenced 7 times from dji_payload_collaboration.o(.constdata)
 <LI><a href="#[12d]">DjiPayloadCollaboration_PushCameraStateHandle</a> from dji_payload_collaboration.o(i.DjiPayloadCollaboration_PushCameraStateHandle) referenced 7 times from dji_payload_collaboration.o(.constdata)
 <LI><a href="#[d0]">DjiPayloadCollaboration_Work</a> from dji_payload_collaboration.o(i.DjiPayloadCollaboration_Work) referenced from dji_payload_collaboration.o(i.DjiPayloadCollaboration_Init)
 <LI><a href="#[130]">DjiPayloadNegotiate_CheckPayloadConnectionStatusHandle</a> from dji_payload_negotiate.o(i.DjiPayloadNegotiate_CheckPayloadConnectionStatusHandle) referenced 2 times from dji_payload_negotiate.o(.constdata)
 <LI><a href="#[12f]">DjiPayloadNegotiate_PayloadNegotiateHandle</a> from dji_payload_negotiate.o(i.DjiPayloadNegotiate_PayloadNegotiateHandle) referenced 2 times from dji_payload_negotiate.o(.constdata)
 <LI><a href="#[119]">DjiPowerManagement_RebootDeviceHandle</a> from dji_power_management.o(i.DjiPowerManagement_RebootDeviceHandle) referenced 5 times from dji_power_management.o(.constdata)
 <LI><a href="#[11a]">DjiProductInfo_GetPayloadInfoHandle</a> from dji_product_info.o(i.DjiProductInfo_GetPayloadInfoHandle) referenced 2 times from dji_product_info.o(.constdata)
 <LI><a href="#[149]">DjiProtocol_sdkPack</a> from dji_protocol_sdk.o(i.DjiProtocol_sdkPack) referenced from dji_protocol.o(.constdata)
 <LI><a href="#[14a]">DjiProtocol_sdkUnpack</a> from dji_protocol_sdk.o(i.DjiProtocol_sdkUnpack) referenced from dji_protocol.o(.constdata)
 <LI><a href="#[14b]">DjiProtocol_v1Pack</a> from dji_protocol_v1.o(i.DjiProtocol_v1Pack) referenced from dji_protocol.o(.constdata)
 <LI><a href="#[14c]">DjiProtocol_v1Unpack</a> from dji_protocol_v1.o(i.DjiProtocol_v1Unpack) referenced from dji_protocol.o(.constdata)
 <LI><a href="#[131]">DjiRecorder_PutDataToBuffer</a> from dji_recorder.o(i.DjiRecorder_PutDataToBuffer) referenced 2 times from dji_recorder.o(.constdata)
 <LI><a href="#[d1]">DjiRecorder_Task</a> from dji_recorder.o(i.DjiRecorder_Task) referenced from dji_recorder.o(i.DjiRecorderInit)
 <LI><a href="#[134]">DjiSdkActivate_ExtensionPortActivateSync</a> from dji_sdk_activate.o(i.DjiSdkActivate_ExtensionPortActivateSync) referenced 2 times from dji_auth_param_config.o(.constdata)
 <LI><a href="#[135]">DjiSdkActivate_ExtensionPortActivateSyncByV1</a> from dji_sdk_activate.o(i.DjiSdkActivate_ExtensionPortActivateSyncByV1) referenced from dji_auth_param_config.o(.constdata)
 <LI><a href="#[133]">DjiSdkActivate_PayloadPortActivateSync</a> from dji_sdk_activate.o(i.DjiSdkActivate_PayloadPortActivateSync) referenced 8 times from dji_auth_param_config.o(.constdata)
 <LI><a href="#[124]">DjiSdkAdapterType_GetOnExtensionPort</a> from dji_sdk_adapter_type.o(i.DjiSdkAdapterType_GetOnExtensionPort) referenced 8 times from dji_aircraft_info_param_config.o(.constdata)
 <LI><a href="#[121]">DjiSdkAdapterType_GetOnPayloadPort</a> from dji_sdk_adapter_type.o(i.DjiSdkAdapterType_GetOnPayloadPort) referenced 3 times from dji_aircraft_info_param_config.o(.constdata)
 <LI><a href="#[d2]">DjiSdkStatePush_Work</a> from dji_sdk_state_push.o(i.DjiSdkStatePush_Work) referenced from dji_sdk_state_push.o(i.DjiSdkStatePush_Init)
 <LI><a href="#[f2]">DjiTestWidget_GetWidgetValue</a> from test_widget.o(i.DjiTestWidget_GetWidgetValue) referenced 9 times from test_widget.o(.constdata)
 <LI><a href="#[f1]">DjiTestWidget_SetWidgetValue</a> from test_widget.o(i.DjiTestWidget_SetWidgetValue) referenced 9 times from test_widget.o(.constdata)
 <LI><a href="#[d8]">DjiTest_FcSubscriptionReceiveQuaternionCallback</a> from test_fc_subscription.o(i.DjiTest_FcSubscriptionReceiveQuaternionCallback) referenced from test_fc_subscription.o(i.DjiTest_FcSubscriptionStartService)
 <LI><a href="#[10a]">DjiTest_HighPowerApplyPinInit</a> from apply_high_power.o(i.DjiTest_HighPowerApplyPinInit) referenced from application.o(.constdata)
 <LI><a href="#[da]">DjiTest_PowerOffNotificationCallback</a> from test_power_management.o(i.DjiTest_PowerOffNotificationCallback) referenced from test_power_management.o(i.DjiTest_PowerManagementStartService)
 <LI><a href="#[e3]">DjiTest_WidgetTask</a> from test_widget.o(i.DjiTest_WidgetTask) referenced from test_widget.o(i.DjiTest_WidgetStartService)
 <LI><a href="#[10b]">DjiTest_WriteHighPowerApplyPin</a> from apply_high_power.o(i.DjiTest_WriteHighPowerApplyPin) referenced from application.o(.constdata)
 <LI><a href="#[132]">DjiTimeSync_PushAppTimeHandle</a> from dji_time_sync_app.o(i.DjiTimeSync_PushAppTimeHandle) referenced 2 times from dji_time_sync_app.o(.constdata)
 <LI><a href="#[ed]">DjiUser_MonitorTask</a> from application.o(i.DjiUser_MonitorTask) referenced from main.o(i.main)
 <LI><a href="#[ee]">DjiUser_MyPwm1Task</a> from application.o(i.DjiUser_MyPwm1Task) referenced from main.o(i.main)
 <LI><a href="#[104]">DjiUser_PrintConsole</a> from application.o(i.DjiUser_PrintConsole) referenced from application.o(.constdata)
 <LI><a href="#[ec]">DjiUser_StartTask</a> from application.o(i.DjiUser_StartTask) referenced from main.o(i.main)
 <LI><a href="#[2c]">DjiWidgetFileArray_Deinit</a> from dji_widget_file_array.o(i.DjiWidgetFileArray_Deinit) referenced 2 times from dji_widget_file_array.o(.data)
 <LI><a href="#[2e]">DjiWidgetFileArray_DestroyFileList</a> from dji_widget_file_array.o(i.DjiWidgetFileArray_DestroyFileList) referenced 2 times from dji_widget_file_array.o(.data)
 <LI><a href="#[2d]">DjiWidgetFileArray_GenerateFileList</a> from dji_widget_file_array.o(i.DjiWidgetFileArray_GenerateFileList) referenced 2 times from dji_widget_file_array.o(.data)
 <LI><a href="#[30]">DjiWidgetFileArray_GetCreateTime</a> from dji_widget_file_array.o(i.DjiWidgetFileArray_GetCreateTime) referenced 2 times from dji_widget_file_array.o(.data)
 <LI><a href="#[31]">DjiWidgetFileArray_GetFileData</a> from dji_widget_file_array.o(i.DjiWidgetFileArray_GetFileData) referenced 2 times from dji_widget_file_array.o(.data)
 <LI><a href="#[2f]">DjiWidgetFileArray_GetFileSize</a> from dji_widget_file_array.o(i.DjiWidgetFileArray_GetFileSize) referenced 2 times from dji_widget_file_array.o(.data)
 <LI><a href="#[2b]">DjiWidgetFileArray_Init</a> from dji_widget_file_array.o(i.DjiWidgetFileArray_Init) referenced 2 times from dji_widget_file_array.o(.data)
 <LI><a href="#[33]">DjiWidgetFileNormal_Deinit</a> from dji_widget_file_normal.o(i.DjiWidgetFileNormal_Deinit) referenced 2 times from dji_widget_file_normal.o(.data)
 <LI><a href="#[35]">DjiWidgetFileNormal_DestroyFileList</a> from dji_widget_file_normal.o(i.DjiWidgetFileNormal_DestroyFileList) referenced 2 times from dji_widget_file_normal.o(.data)
 <LI><a href="#[34]">DjiWidgetFileNormal_GenerateFileList</a> from dji_widget_file_normal.o(i.DjiWidgetFileNormal_GenerateFileList) referenced 2 times from dji_widget_file_normal.o(.data)
 <LI><a href="#[37]">DjiWidgetFileNormal_GetCreateTime</a> from dji_widget_file_normal.o(i.DjiWidgetFileNormal_GetCreateTime) referenced 2 times from dji_widget_file_normal.o(.data)
 <LI><a href="#[38]">DjiWidgetFileNormal_GetFileData</a> from dji_widget_file_normal.o(i.DjiWidgetFileNormal_GetFileData) referenced 2 times from dji_widget_file_normal.o(.data)
 <LI><a href="#[36]">DjiWidgetFileNormal_GetFileSize</a> from dji_widget_file_normal.o(i.DjiWidgetFileNormal_GetFileSize) referenced 2 times from dji_widget_file_normal.o(.data)
 <LI><a href="#[32]">DjiWidgetFileNormal_Init</a> from dji_widget_file_normal.o(i.DjiWidgetFileNormal_Init) referenced 2 times from dji_widget_file_normal.o(.data)
 <LI><a href="#[e4]">DjiWidgetFloatingWindow_SendDataToFloatWindowWithoutFlowControl</a> from dji_widget.o(i.DjiWidgetFloatingWindow_SendDataToFloatWindowWithoutFlowControl) referenced from dji_widget.o(i.DjiWidget_Init)
 <LI><a href="#[11e]">DjiWidgetSpeaker_AudioDataTransmissionHandle</a> from dji_widget_speaker.o(i.DjiWidgetSpeaker_AudioDataTransmissionHandle) referenced from dji_widget_speaker.o(.constdata)
 <LI><a href="#[11d]">DjiWidgetSpeaker_SetWidgetSpeakerValueHandle</a> from dji_widget_speaker.o(i.DjiWidgetSpeaker_SetWidgetSpeakerValueHandle) referenced from dji_widget_speaker.o(.constdata)
 <LI><a href="#[e6]">DjiWidgetSpeaker_Task</a> from dji_widget_speaker.o(i.DjiWidgetSpeaker_Task) referenced from dji_widget_speaker.o(i.DjiWidget_RegSpeakerHandler)
 <LI><a href="#[11c]">DjiWidget_SetMappingWidgetHandle</a> from dji_widget.o(i.DjiWidget_SetMappingWidgetHandle) referenced from dji_widget.o(.constdata)
 <LI><a href="#[11b]">DjiWidget_SetWidgetValueHandle</a> from dji_widget.o(i.DjiWidget_SetWidgetValueHandle) referenced from dji_widget.o(.constdata)
 <LI><a href="#[e5]">DjiWidget_Work</a> from dji_widget.o(i.DjiWidget_Work) referenced from dji_widget.o(i.DjiWidget_Init)
 <LI><a href="#[a1]">ETH_IRQHandler</a> from startup_stm32f407xx.o(.text) referenced from startup_stm32f407xx.o(RESET)
 <LI><a href="#[a2]">ETH_WKUP_IRQHandler</a> from startup_stm32f407xx.o(.text) referenced from startup_stm32f407xx.o(RESET)
 <LI><a href="#[6a]">EXTI0_IRQHandler</a> from startup_stm32f407xx.o(.text) referenced from startup_stm32f407xx.o(RESET)
 <LI><a href="#[8c]">EXTI15_10_IRQHandler</a> from startup_stm32f407xx.o(.text) referenced from startup_stm32f407xx.o(RESET)
 <LI><a href="#[6b]">EXTI1_IRQHandler</a> from startup_stm32f407xx.o(.text) referenced from startup_stm32f407xx.o(RESET)
 <LI><a href="#[6c]">EXTI2_IRQHandler</a> from pps.o(i.EXTI2_IRQHandler) referenced from startup_stm32f407xx.o(RESET)
 <LI><a href="#[6d]">EXTI3_IRQHandler</a> from startup_stm32f407xx.o(.text) referenced from startup_stm32f407xx.o(RESET)
 <LI><a href="#[6e]">EXTI4_IRQHandler</a> from startup_stm32f407xx.o(.text) referenced from startup_stm32f407xx.o(RESET)
 <LI><a href="#[7b]">EXTI9_5_IRQHandler</a> from startup_stm32f407xx.o(.text) referenced from startup_stm32f407xx.o(RESET)
 <LI><a href="#[68]">FLASH_IRQHandler</a> from startup_stm32f407xx.o(.text) referenced from startup_stm32f407xx.o(RESET)
 <LI><a href="#[94]">FMC_IRQHandler</a> from startup_stm32f407xx.o(.text) referenced from startup_stm32f407xx.o(RESET)
 <LI><a href="#[b4]">FPU_IRQHandler</a> from startup_stm32f407xx.o(.text) referenced from startup_stm32f407xx.o(RESET)
 <LI><a href="#[db]">GetSpeakerState</a> from test_widget_speaker.o(i.GetSpeakerState) referenced from test_widget_speaker.o(i.DjiTest_WidgetSpeakerStartService)
 <LI><a href="#[b3]">HASH_RNG_IRQHandler</a> from startup_stm32f407xx.o(.text) referenced from startup_stm32f407xx.o(RESET)
 <LI><a href="#[106]">HalUart_DeInit</a> from hal_uart.o(i.HalUart_DeInit) referenced from application.o(.constdata)
 <LI><a href="#[109]">HalUart_GetStatus</a> from hal_uart.o(i.HalUart_GetStatus) referenced from application.o(.constdata)
 <LI><a href="#[105]">HalUart_Init</a> from hal_uart.o(i.HalUart_Init) referenced from application.o(.constdata)
 <LI><a href="#[108]">HalUart_ReadData</a> from hal_uart.o(i.HalUart_ReadData) referenced from application.o(.constdata)
 <LI><a href="#[107]">HalUart_WriteData</a> from hal_uart.o(i.HalUart_WriteData) referenced from application.o(.constdata)
 <LI><a href="#[5c]">HardFault_Handler</a> from stm32f4xx_it.o(i.HardFault_Handler) referenced from startup_stm32f407xx.o(RESET)
 <LI><a href="#[84]">I2C1_ER_IRQHandler</a> from startup_stm32f407xx.o(.text) referenced from startup_stm32f407xx.o(RESET)
 <LI><a href="#[83]">I2C1_EV_IRQHandler</a> from startup_stm32f407xx.o(.text) referenced from startup_stm32f407xx.o(RESET)
 <LI><a href="#[86]">I2C2_ER_IRQHandler</a> from startup_stm32f407xx.o(.text) referenced from startup_stm32f407xx.o(RESET)
 <LI><a href="#[85]">I2C2_EV_IRQHandler</a> from startup_stm32f407xx.o(.text) referenced from startup_stm32f407xx.o(RESET)
 <LI><a href="#[ad]">I2C3_ER_IRQHandler</a> from startup_stm32f407xx.o(.text) referenced from startup_stm32f407xx.o(RESET)
 <LI><a href="#[ac]">I2C3_EV_IRQHandler</a> from startup_stm32f407xx.o(.text) referenced from startup_stm32f407xx.o(RESET)
 <LI><a href="#[5d]">MemManage_Handler</a> from stm32f4xx_it.o(i.MemManage_Handler) referenced from startup_stm32f407xx.o(RESET)
 <LI><a href="#[5b]">NMI_Handler</a> from stm32f4xx_it.o(i.NMI_Handler) referenced from startup_stm32f407xx.o(RESET)
 <LI><a href="#[a7]">OTG_FS_IRQHandler</a> from stm32f4xx_it.o(i.OTG_FS_IRQHandler) referenced from startup_stm32f407xx.o(RESET)
 <LI><a href="#[8e]">OTG_FS_WKUP_IRQHandler</a> from startup_stm32f407xx.o(.text) referenced from startup_stm32f407xx.o(RESET)
 <LI><a href="#[af]">OTG_HS_EP1_IN_IRQHandler</a> from startup_stm32f407xx.o(.text) referenced from startup_stm32f407xx.o(RESET)
 <LI><a href="#[ae]">OTG_HS_EP1_OUT_IRQHandler</a> from startup_stm32f407xx.o(.text) referenced from startup_stm32f407xx.o(RESET)
 <LI><a href="#[b1]">OTG_HS_IRQHandler</a> from startup_stm32f407xx.o(.text) referenced from startup_stm32f407xx.o(RESET)
 <LI><a href="#[b0]">OTG_HS_WKUP_IRQHandler</a> from startup_stm32f407xx.o(.text) referenced from startup_stm32f407xx.o(RESET)
 <LI><a href="#[103]">Osal_Free</a> from osal.o(i.Osal_Free) referenced from application.o(.constdata)
 <LI><a href="#[101]">Osal_GetRandomNum</a> from osal.o(i.Osal_GetRandomNum) referenced from application.o(.constdata)
 <LI><a href="#[ff]">Osal_GetTimeMs</a> from osal.o(i.Osal_GetTimeMs) referenced from application.o(.constdata)
 <LI><a href="#[100]">Osal_GetTimeUs</a> from osal.o(i.Osal_GetTimeUs) referenced from application.o(.constdata)
 <LI><a href="#[102]">Osal_Malloc</a> from osal.o(i.Osal_Malloc) referenced from application.o(.constdata)
 <LI><a href="#[f6]">Osal_MutexCreate</a> from osal.o(i.Osal_MutexCreate) referenced from application.o(.constdata)
 <LI><a href="#[f7]">Osal_MutexDestroy</a> from osal.o(i.Osal_MutexDestroy) referenced from application.o(.constdata)
 <LI><a href="#[f8]">Osal_MutexLock</a> from osal.o(i.Osal_MutexLock) referenced from application.o(.constdata)
 <LI><a href="#[f9]">Osal_MutexUnlock</a> from osal.o(i.Osal_MutexUnlock) referenced from application.o(.constdata)
 <LI><a href="#[fa]">Osal_SemaphoreCreate</a> from osal.o(i.Osal_SemaphoreCreate) referenced from application.o(.constdata)
 <LI><a href="#[fb]">Osal_SemaphoreDestroy</a> from osal.o(i.Osal_SemaphoreDestroy) referenced from application.o(.constdata)
 <LI><a href="#[fe]">Osal_SemaphorePost</a> from osal.o(i.Osal_SemaphorePost) referenced from application.o(.constdata)
 <LI><a href="#[fd]">Osal_SemaphoreTimedWait</a> from osal.o(i.Osal_SemaphoreTimedWait) referenced from application.o(.constdata)
 <LI><a href="#[fc]">Osal_SemaphoreWait</a> from osal.o(i.Osal_SemaphoreWait) referenced from application.o(.constdata)
 <LI><a href="#[f3]">Osal_TaskCreate</a> from osal.o(i.Osal_TaskCreate) referenced from application.o(.constdata)
 <LI><a href="#[f4]">Osal_TaskDestroy</a> from osal.o(i.Osal_TaskDestroy) referenced from application.o(.constdata)
 <LI><a href="#[f5]">Osal_TaskSleepMs</a> from osal.o(i.Osal_TaskSleepMs) referenced from application.o(.constdata)
 <LI><a href="#[65]">PVD_IRQHandler</a> from startup_stm32f407xx.o(.text) referenced from startup_stm32f407xx.o(RESET)
 <LI><a href="#[62]">PendSV_Handler</a> from port.o(.emb_text) referenced from startup_stm32f407xx.o(RESET)
 <LI><a href="#[69]">RCC_IRQHandler</a> from startup_stm32f407xx.o(.text) referenced from startup_stm32f407xx.o(RESET)
 <LI><a href="#[8d]">RTC_Alarm_IRQHandler</a> from startup_stm32f407xx.o(.text) referenced from startup_stm32f407xx.o(RESET)
 <LI><a href="#[67]">RTC_WKUP_IRQHandler</a> from startup_stm32f407xx.o(.text) referenced from startup_stm32f407xx.o(RESET)
 <LI><a href="#[e2]">ReceiveAudioData</a> from test_widget_speaker.o(i.ReceiveAudioData) referenced from test_widget_speaker.o(i.DjiTest_WidgetSpeakerStartService)
 <LI><a href="#[d4]">ReceiveDataFromCloud</a> from test_data_transmission.o(i.ReceiveDataFromCloud) referenced from test_data_transmission.o(i.DjiTest_DataTransmissionStartService)
 <LI><a href="#[d5]">ReceiveDataFromExtensionPort</a> from test_data_transmission.o(i.ReceiveDataFromExtensionPort) referenced from test_data_transmission.o(i.DjiTest_DataTransmissionStartService)
 <LI><a href="#[d3]">ReceiveDataFromMobile</a> from test_data_transmission.o(i.ReceiveDataFromMobile) referenced from test_data_transmission.o(i.DjiTest_DataTransmissionStartService)
 <LI><a href="#[d6]">ReceiveDataFromPayload</a> from test_data_transmission.o(i.ReceiveDataFromPayload) referenced from test_data_transmission.o(i.DjiTest_DataTransmissionStartService)
 <LI><a href="#[e1]">ReceiveTtsData</a> from test_widget_speaker.o(i.ReceiveTtsData) referenced from test_widget_speaker.o(i.DjiTest_WidgetSpeakerStartService)
 <LI><a href="#[5a]">Reset_Handler</a> from startup_stm32f407xx.o(.text) referenced from startup_stm32f407xx.o(RESET)
 <LI><a href="#[95]">SDIO_IRQHandler</a> from startup_stm32f407xx.o(.text) referenced from startup_stm32f407xx.o(RESET)
 <LI><a href="#[13a]">SHA256_final</a> from dji_sha256.o(i.SHA256_final) referenced from dji_sha256.o(.constdata)
 <LI><a href="#[13b]">SHA256_hash</a> from dji_sha256.o(i.SHA256_hash) referenced from dji_sha256.o(.constdata)
 <LI><a href="#[138]">SHA256_init</a> from dji_sha256.o(i.SHA256_init) referenced from dji_sha256.o(.constdata)
 <LI><a href="#[139]">SHA256_update</a> from dji_sha256.o(i.SHA256_update) referenced from dji_sha256.o(.constdata)
 <LI><a href="#[14f]">SHA_final</a> from dji_sha.o(i.SHA_final) referenced from dji_sha.o(.constdata)
 <LI><a href="#[150]">SHA_hash</a> from dji_sha.o(i.SHA_hash) referenced from dji_sha.o(.constdata)
 <LI><a href="#[14d]">SHA_init</a> from dji_sha.o(i.SHA_init) referenced from dji_sha.o(.constdata)
 <LI><a href="#[14e]">SHA_update</a> from dji_sha.o(i.SHA_update) referenced from dji_sha.o(.constdata)
 <LI><a href="#[87]">SPI1_IRQHandler</a> from startup_stm32f407xx.o(.text) referenced from startup_stm32f407xx.o(RESET)
 <LI><a href="#[88]">SPI2_IRQHandler</a> from startup_stm32f407xx.o(.text) referenced from startup_stm32f407xx.o(RESET)
 <LI><a href="#[97]">SPI3_IRQHandler</a> from startup_stm32f407xx.o(.text) referenced from startup_stm32f407xx.o(RESET)
 <LI><a href="#[60]">SVC_Handler</a> from port.o(.emb_text) referenced from startup_stm32f407xx.o(RESET)
 <LI><a href="#[df]">SetPlayMode</a> from test_widget_speaker.o(i.SetPlayMode) referenced from test_widget_speaker.o(i.DjiTest_WidgetSpeakerStartService)
 <LI><a href="#[e0]">SetVolume</a> from test_widget_speaker.o(i.SetVolume) referenced from test_widget_speaker.o(i.DjiTest_WidgetSpeakerStartService)
 <LI><a href="#[dc]">SetWorkMode</a> from test_widget_speaker.o(i.SetWorkMode) referenced from test_widget_speaker.o(i.DjiTest_WidgetSpeakerStartService)
 <LI><a href="#[dd]">StartPlay</a> from test_widget_speaker.o(i.StartPlay) referenced from test_widget_speaker.o(i.DjiTest_WidgetSpeakerStartService)
 <LI><a href="#[de]">StopPlay</a> from test_widget_speaker.o(i.StopPlay) referenced from test_widget_speaker.o(i.DjiTest_WidgetSpeakerStartService)
 <LI><a href="#[63]">SysTick_Handler</a> from port.o(i.SysTick_Handler) referenced from startup_stm32f407xx.o(RESET)
 <LI><a href="#[b6]">SystemInit</a> from system_stm32f4xx.o(i.SystemInit) referenced from startup_stm32f407xx.o(.text)
 <LI><a href="#[66]">TAMP_STAMP_IRQHandler</a> from startup_stm32f407xx.o(.text) referenced from startup_stm32f407xx.o(RESET)
 <LI><a href="#[7c]">TIM1_BRK_TIM9_IRQHandler</a> from startup_stm32f407xx.o(.text) referenced from startup_stm32f407xx.o(RESET)
 <LI><a href="#[7f]">TIM1_CC_IRQHandler</a> from startup_stm32f407xx.o(.text) referenced from startup_stm32f407xx.o(RESET)
 <LI><a href="#[7e]">TIM1_TRG_COM_TIM11_IRQHandler</a> from startup_stm32f407xx.o(.text) referenced from startup_stm32f407xx.o(RESET)
 <LI><a href="#[7d]">TIM1_UP_TIM10_IRQHandler</a> from stm32f4xx_it.o(i.TIM1_UP_TIM10_IRQHandler) referenced from startup_stm32f407xx.o(RESET)
 <LI><a href="#[80]">TIM2_IRQHandler</a> from startup_stm32f407xx.o(.text) referenced from startup_stm32f407xx.o(RESET)
 <LI><a href="#[81]">TIM3_IRQHandler</a> from startup_stm32f407xx.o(.text) referenced from startup_stm32f407xx.o(RESET)
 <LI><a href="#[82]">TIM4_IRQHandler</a> from startup_stm32f407xx.o(.text) referenced from startup_stm32f407xx.o(RESET)
 <LI><a href="#[96]">TIM5_IRQHandler</a> from startup_stm32f407xx.o(.text) referenced from startup_stm32f407xx.o(RESET)
 <LI><a href="#[9a]">TIM6_DAC_IRQHandler</a> from startup_stm32f407xx.o(.text) referenced from startup_stm32f407xx.o(RESET)
 <LI><a href="#[9b]">TIM7_IRQHandler</a> from startup_stm32f407xx.o(.text) referenced from startup_stm32f407xx.o(RESET)
 <LI><a href="#[8f]">TIM8_BRK_TIM12_IRQHandler</a> from startup_stm32f407xx.o(.text) referenced from startup_stm32f407xx.o(RESET)
 <LI><a href="#[92]">TIM8_CC_IRQHandler</a> from startup_stm32f407xx.o(.text) referenced from startup_stm32f407xx.o(RESET)
 <LI><a href="#[91]">TIM8_TRG_COM_TIM14_IRQHandler</a> from startup_stm32f407xx.o(.text) referenced from startup_stm32f407xx.o(RESET)
 <LI><a href="#[90]">TIM8_UP_TIM13_IRQHandler</a> from startup_stm32f407xx.o(.text) referenced from startup_stm32f407xx.o(RESET)
 <LI><a href="#[98]">UART4_IRQHandler</a> from stm32f4xx_it.o(i.UART4_IRQHandler) referenced from startup_stm32f407xx.o(RESET)
 <LI><a href="#[99]">UART5_IRQHandler</a> from startup_stm32f407xx.o(.text) referenced from startup_stm32f407xx.o(RESET)
 <LI><a href="#[e7]">UART_DMAAbortOnError</a> from stm32f4xx_hal_uart.o(i.UART_DMAAbortOnError) referenced from stm32f4xx_hal_uart.o(i.HAL_UART_IRQHandler)
 <LI><a href="#[89]">USART1_IRQHandler</a> from uart.o(i.USART1_IRQHandler) referenced from startup_stm32f407xx.o(RESET)
 <LI><a href="#[8a]">USART2_IRQHandler</a> from uart.o(i.USART2_IRQHandler) referenced from startup_stm32f407xx.o(RESET)
 <LI><a href="#[8b]">USART3_IRQHandler</a> from uart.o(i.USART3_IRQHandler) referenced from startup_stm32f407xx.o(RESET)
 <LI><a href="#[ab]">USART6_IRQHandler</a> from startup_stm32f407xx.o(.text) referenced from startup_stm32f407xx.o(RESET)
 <LI><a href="#[8]">USBH_CDC_ClassRequest</a> from usbh_cdc.o(i.USBH_CDC_ClassRequest) referenced 2 times from usbh_cdc.o(.data)
 <LI><a href="#[7]">USBH_CDC_InterfaceDeInit</a> from usbh_cdc.o(i.USBH_CDC_InterfaceDeInit) referenced 2 times from usbh_cdc.o(.data)
 <LI><a href="#[6]">USBH_CDC_InterfaceInit</a> from usbh_cdc.o(i.USBH_CDC_InterfaceInit) referenced 2 times from usbh_cdc.o(.data)
 <LI><a href="#[9]">USBH_CDC_Process</a> from usbh_cdc.o(i.USBH_CDC_Process) referenced 2 times from usbh_cdc.o(.data)
 <LI><a href="#[a]">USBH_CDC_SOFProcess</a> from usbh_cdc.o(i.USBH_CDC_SOFProcess) referenced 2 times from usbh_cdc.o(.data)
 <LI><a href="#[10c]">USBH_Process_OS</a> from usbh_core.o(i.USBH_Process_OS) referenced from usbh_core.o(.constdata)
 <LI><a href="#[e8]">USBH_UserProcess</a> from usb_host.o(i.USBH_UserProcess) referenced from usb_host.o(i.MX_USB_HOST_Init)
 <LI><a href="#[5f]">UsageFault_Handler</a> from stm32f4xx_it.o(i.UsageFault_Handler) referenced from startup_stm32f407xx.o(RESET)
 <LI><a href="#[d7]">UserDataTransmission_Task</a> from test_data_transmission.o(i.UserDataTransmission_Task) referenced from test_data_transmission.o(i.DjiTest_DataTransmissionStartService)
 <LI><a href="#[d9]">UserFcSubscription_Task</a> from test_fc_subscription.o(i.UserFcSubscription_Task) referenced from test_fc_subscription.o(i.DjiTest_FcSubscriptionStartService)
 <LI><a href="#[64]">WWDG_IRQHandler</a> from startup_stm32f407xx.o(.text) referenced from startup_stm32f407xx.o(RESET)
 <LI><a href="#[b7]">__main</a> from entry.o(.ARM.Collect$$$$00000000) referenced from startup_stm32f407xx.o(.text)
 <LI><a href="#[b9]">_sbackspace</a> from _sgetc.o(.text) referenced from strtod.o(.text)
 <LI><a href="#[b8]">_sgetc</a> from _sgetc.o(.text) referenced from strtod.o(.text)
 <LI><a href="#[ea]">_snputc</a> from printfa.o(i._snputc) referenced from printfa.o(i.__0snprintf)
 <LI><a href="#[ea]">_snputc</a> from printfa.o(i._snputc) referenced from printfa.o(i.__0vsnprintf)
 <LI><a href="#[eb]">_sputc</a> from printfa.o(i._sputc) referenced from printfa.o(i.__0sprintf)
 <LI><a href="#[e9]">fputc</a> from uart.o(i.fputc) referenced from printfa.o(i.__0printf)
 <LI><a href="#[4]">free</a> from mallocr.o(i.__free$realloc) referenced 2 times from cjson.o(.data)
 <LI><a href="#[4]">free</a> from mallocr.o(i.__free$realloc) referenced from cjson.o(i.cJSON_InitHooks)
 <LI><a href="#[ba]">isspace</a> from isspace_o.o(.text) referenced from strtod.o(.text)
 <LI><a href="#[b5]">main</a> from main.o(i.main) referenced from entry9a.o(.ARM.Collect$$$$0000000B)
 <LI><a href="#[3]">malloc</a> from mallocr.o(i.__malloc$realloc) referenced 2 times from cjson.o(.data)
 <LI><a href="#[3]">malloc</a> from mallocr.o(i.__malloc$realloc) referenced from cjson.o(i.cJSON_InitHooks)
 <LI><a href="#[f0]">prvIdleTask</a> from tasks.o(i.prvIdleTask) referenced from tasks.o(i.vTaskStartScheduler)
 <LI><a href="#[ef]">prvTaskExitError</a> from port.o(i.prvTaskExitError) referenced from port.o(i.pxPortInitialiseStack)
 <LI><a href="#[5]">realloc</a> from mallocr.o(i.realloc) referenced 2 times from cjson.o(.data)
 <LI><a href="#[5]">realloc</a> from mallocr.o(i.realloc) referenced from cjson.o(i.cJSON_InitHooks)
</UL>
<P>
<H3>
Global Symbols
</H3>
<P><STRONG><a name="[b7]"></a>__main</STRONG> (Thumb, 0 bytes, Stack size 0 bytes, entry.o(.ARM.Collect$$$$00000000))
<BR>[Address Reference Count : 1]<UL><LI> startup_stm32f407xx.o(.text)
</UL>
<P><STRONG><a name="[151]"></a>_main_scatterload</STRONG> (Thumb, 0 bytes, Stack size 0 bytes, entry5.o(.ARM.Collect$$$$00000004))
<BR><BR>[Calls]<UL><LI><a href="#[152]">&gt;&gt;</a>&nbsp;&nbsp;&nbsp;__scatterload
</UL>

<P><STRONG><a name="[176]"></a>__main_after_scatterload</STRONG> (Thumb, 0 bytes, Stack size 0 bytes, entry5.o(.ARM.Collect$$$$00000004))
<BR><BR>[Called By]<UL><LI><a href="#[152]">&gt;&gt;</a>&nbsp;&nbsp;&nbsp;__scatterload
</UL>

<P><STRONG><a name="[60]"></a>SVC_Handler</STRONG> (Thumb, 28 bytes, Stack size 0 bytes, port.o(.emb_text))
<BR>[Address Reference Count : 1]<UL><LI> startup_stm32f407xx.o(RESET)
</UL>
<P><STRONG><a name="[433]"></a>__asm___6_port_c_39a90d8d__prvStartFirstTask</STRONG> (Thumb, 28 bytes, Stack size 0 bytes, port.o(.emb_text))
<BR><BR>[Called By]<UL><LI><a href="#[430]">&gt;&gt;</a>&nbsp;&nbsp;&nbsp;xPortStartScheduler
</UL>

<P><STRONG><a name="[432]"></a>__asm___6_port_c_39a90d8d__prvEnableVFP</STRONG> (Thumb, 16 bytes, Stack size 0 bytes, port.o(.emb_text))
<BR><BR>[Called By]<UL><LI><a href="#[430]">&gt;&gt;</a>&nbsp;&nbsp;&nbsp;xPortStartScheduler
</UL>

<P><STRONG><a name="[62]"></a>PendSV_Handler</STRONG> (Thumb, 88 bytes, Stack size 0 bytes, port.o(.emb_text))
<BR><BR>[Calls]<UL><LI><a href="#[153]">&gt;&gt;</a>&nbsp;&nbsp;&nbsp;vTaskSwitchContext
</UL>
<BR>[Address Reference Count : 1]<UL><LI> startup_stm32f407xx.o(RESET)
</UL>
<P><STRONG><a name="[42b]"></a>vPortGetIPSR</STRONG> (Thumb, 6 bytes, Stack size 0 bytes, port.o(.emb_text))
<BR><BR>[Called By]<UL><LI><a href="#[42a]">&gt;&gt;</a>&nbsp;&nbsp;&nbsp;vPortValidateInterruptPriority
</UL>

<P><STRONG><a name="[5a]"></a>Reset_Handler</STRONG> (Thumb, 8 bytes, Stack size 0 bytes, startup_stm32f407xx.o(.text))
<BR>[Address Reference Count : 1]<UL><LI> startup_stm32f407xx.o(RESET)
</UL>
<P><STRONG><a name="[76]"></a>ADC_IRQHandler</STRONG> (Thumb, 0 bytes, Stack size 0 bytes, startup_stm32f407xx.o(.text))
<BR><BR>[Calls]<UL><LI><a href="#[76]">&gt;&gt;</a>&nbsp;&nbsp;&nbsp;ADC_IRQHandler
</UL>
<BR>[Called By]<UL><LI><a href="#[76]">&gt;&gt;</a>&nbsp;&nbsp;&nbsp;ADC_IRQHandler
</UL>
<BR>[Address Reference Count : 1]<UL><LI> startup_stm32f407xx.o(RESET)
</UL>
<P><STRONG><a name="[78]"></a>CAN1_RX0_IRQHandler</STRONG> (Thumb, 0 bytes, Stack size 0 bytes, startup_stm32f407xx.o(.text))
<BR>[Address Reference Count : 1]<UL><LI> startup_stm32f407xx.o(RESET)
</UL>
<P><STRONG><a name="[79]"></a>CAN1_RX1_IRQHandler</STRONG> (Thumb, 0 bytes, Stack size 0 bytes, startup_stm32f407xx.o(.text))
<BR>[Address Reference Count : 1]<UL><LI> startup_stm32f407xx.o(RESET)
</UL>
<P><STRONG><a name="[7a]"></a>CAN1_SCE_IRQHandler</STRONG> (Thumb, 0 bytes, Stack size 0 bytes, startup_stm32f407xx.o(.text))
<BR>[Address Reference Count : 1]<UL><LI> startup_stm32f407xx.o(RESET)
</UL>
<P><STRONG><a name="[77]"></a>CAN1_TX_IRQHandler</STRONG> (Thumb, 0 bytes, Stack size 0 bytes, startup_stm32f407xx.o(.text))
<BR>[Address Reference Count : 1]<UL><LI> startup_stm32f407xx.o(RESET)
</UL>
<P><STRONG><a name="[a4]"></a>CAN2_RX0_IRQHandler</STRONG> (Thumb, 0 bytes, Stack size 0 bytes, startup_stm32f407xx.o(.text))
<BR>[Address Reference Count : 1]<UL><LI> startup_stm32f407xx.o(RESET)
</UL>
<P><STRONG><a name="[a5]"></a>CAN2_RX1_IRQHandler</STRONG> (Thumb, 0 bytes, Stack size 0 bytes, startup_stm32f407xx.o(.text))
<BR>[Address Reference Count : 1]<UL><LI> startup_stm32f407xx.o(RESET)
</UL>
<P><STRONG><a name="[a6]"></a>CAN2_SCE_IRQHandler</STRONG> (Thumb, 0 bytes, Stack size 0 bytes, startup_stm32f407xx.o(.text))
<BR>[Address Reference Count : 1]<UL><LI> startup_stm32f407xx.o(RESET)
</UL>
<P><STRONG><a name="[a3]"></a>CAN2_TX_IRQHandler</STRONG> (Thumb, 0 bytes, Stack size 0 bytes, startup_stm32f407xx.o(.text))
<BR>[Address Reference Count : 1]<UL><LI> startup_stm32f407xx.o(RESET)
</UL>
<P><STRONG><a name="[b2]"></a>DCMI_IRQHandler</STRONG> (Thumb, 0 bytes, Stack size 0 bytes, startup_stm32f407xx.o(.text))
<BR>[Address Reference Count : 1]<UL><LI> startup_stm32f407xx.o(RESET)
</UL>
<P><STRONG><a name="[6f]"></a>DMA1_Stream0_IRQHandler</STRONG> (Thumb, 0 bytes, Stack size 0 bytes, startup_stm32f407xx.o(.text))
<BR>[Address Reference Count : 1]<UL><LI> startup_stm32f407xx.o(RESET)
</UL>
<P><STRONG><a name="[70]"></a>DMA1_Stream1_IRQHandler</STRONG> (Thumb, 0 bytes, Stack size 0 bytes, startup_stm32f407xx.o(.text))
<BR>[Address Reference Count : 1]<UL><LI> startup_stm32f407xx.o(RESET)
</UL>
<P><STRONG><a name="[71]"></a>DMA1_Stream2_IRQHandler</STRONG> (Thumb, 0 bytes, Stack size 0 bytes, startup_stm32f407xx.o(.text))
<BR>[Address Reference Count : 1]<UL><LI> startup_stm32f407xx.o(RESET)
</UL>
<P><STRONG><a name="[72]"></a>DMA1_Stream3_IRQHandler</STRONG> (Thumb, 0 bytes, Stack size 0 bytes, startup_stm32f407xx.o(.text))
<BR>[Address Reference Count : 1]<UL><LI> startup_stm32f407xx.o(RESET)
</UL>
<P><STRONG><a name="[73]"></a>DMA1_Stream4_IRQHandler</STRONG> (Thumb, 0 bytes, Stack size 0 bytes, startup_stm32f407xx.o(.text))
<BR>[Address Reference Count : 1]<UL><LI> startup_stm32f407xx.o(RESET)
</UL>
<P><STRONG><a name="[74]"></a>DMA1_Stream5_IRQHandler</STRONG> (Thumb, 0 bytes, Stack size 0 bytes, startup_stm32f407xx.o(.text))
<BR>[Address Reference Count : 1]<UL><LI> startup_stm32f407xx.o(RESET)
</UL>
<P><STRONG><a name="[75]"></a>DMA1_Stream6_IRQHandler</STRONG> (Thumb, 0 bytes, Stack size 0 bytes, startup_stm32f407xx.o(.text))
<BR>[Address Reference Count : 1]<UL><LI> startup_stm32f407xx.o(RESET)
</UL>
<P><STRONG><a name="[93]"></a>DMA1_Stream7_IRQHandler</STRONG> (Thumb, 0 bytes, Stack size 0 bytes, startup_stm32f407xx.o(.text))
<BR>[Address Reference Count : 1]<UL><LI> startup_stm32f407xx.o(RESET)
</UL>
<P><STRONG><a name="[9c]"></a>DMA2_Stream0_IRQHandler</STRONG> (Thumb, 0 bytes, Stack size 0 bytes, startup_stm32f407xx.o(.text))
<BR>[Address Reference Count : 1]<UL><LI> startup_stm32f407xx.o(RESET)
</UL>
<P><STRONG><a name="[9d]"></a>DMA2_Stream1_IRQHandler</STRONG> (Thumb, 0 bytes, Stack size 0 bytes, startup_stm32f407xx.o(.text))
<BR>[Address Reference Count : 1]<UL><LI> startup_stm32f407xx.o(RESET)
</UL>
<P><STRONG><a name="[9e]"></a>DMA2_Stream2_IRQHandler</STRONG> (Thumb, 0 bytes, Stack size 0 bytes, startup_stm32f407xx.o(.text))
<BR>[Address Reference Count : 1]<UL><LI> startup_stm32f407xx.o(RESET)
</UL>
<P><STRONG><a name="[9f]"></a>DMA2_Stream3_IRQHandler</STRONG> (Thumb, 0 bytes, Stack size 0 bytes, startup_stm32f407xx.o(.text))
<BR>[Address Reference Count : 1]<UL><LI> startup_stm32f407xx.o(RESET)
</UL>
<P><STRONG><a name="[a0]"></a>DMA2_Stream4_IRQHandler</STRONG> (Thumb, 0 bytes, Stack size 0 bytes, startup_stm32f407xx.o(.text))
<BR>[Address Reference Count : 1]<UL><LI> startup_stm32f407xx.o(RESET)
</UL>
<P><STRONG><a name="[a8]"></a>DMA2_Stream5_IRQHandler</STRONG> (Thumb, 0 bytes, Stack size 0 bytes, startup_stm32f407xx.o(.text))
<BR>[Address Reference Count : 1]<UL><LI> startup_stm32f407xx.o(RESET)
</UL>
<P><STRONG><a name="[a9]"></a>DMA2_Stream6_IRQHandler</STRONG> (Thumb, 0 bytes, Stack size 0 bytes, startup_stm32f407xx.o(.text))
<BR>[Address Reference Count : 1]<UL><LI> startup_stm32f407xx.o(RESET)
</UL>
<P><STRONG><a name="[aa]"></a>DMA2_Stream7_IRQHandler</STRONG> (Thumb, 0 bytes, Stack size 0 bytes, startup_stm32f407xx.o(.text))
<BR>[Address Reference Count : 1]<UL><LI> startup_stm32f407xx.o(RESET)
</UL>
<P><STRONG><a name="[a1]"></a>ETH_IRQHandler</STRONG> (Thumb, 0 bytes, Stack size 0 bytes, startup_stm32f407xx.o(.text))
<BR>[Address Reference Count : 1]<UL><LI> startup_stm32f407xx.o(RESET)
</UL>
<P><STRONG><a name="[a2]"></a>ETH_WKUP_IRQHandler</STRONG> (Thumb, 0 bytes, Stack size 0 bytes, startup_stm32f407xx.o(.text))
<BR>[Address Reference Count : 1]<UL><LI> startup_stm32f407xx.o(RESET)
</UL>
<P><STRONG><a name="[6a]"></a>EXTI0_IRQHandler</STRONG> (Thumb, 0 bytes, Stack size 0 bytes, startup_stm32f407xx.o(.text))
<BR>[Address Reference Count : 1]<UL><LI> startup_stm32f407xx.o(RESET)
</UL>
<P><STRONG><a name="[8c]"></a>EXTI15_10_IRQHandler</STRONG> (Thumb, 0 bytes, Stack size 0 bytes, startup_stm32f407xx.o(.text))
<BR>[Address Reference Count : 1]<UL><LI> startup_stm32f407xx.o(RESET)
</UL>
<P><STRONG><a name="[6b]"></a>EXTI1_IRQHandler</STRONG> (Thumb, 0 bytes, Stack size 0 bytes, startup_stm32f407xx.o(.text))
<BR>[Address Reference Count : 1]<UL><LI> startup_stm32f407xx.o(RESET)
</UL>
<P><STRONG><a name="[6d]"></a>EXTI3_IRQHandler</STRONG> (Thumb, 0 bytes, Stack size 0 bytes, startup_stm32f407xx.o(.text))
<BR>[Address Reference Count : 1]<UL><LI> startup_stm32f407xx.o(RESET)
</UL>
<P><STRONG><a name="[6e]"></a>EXTI4_IRQHandler</STRONG> (Thumb, 0 bytes, Stack size 0 bytes, startup_stm32f407xx.o(.text))
<BR>[Address Reference Count : 1]<UL><LI> startup_stm32f407xx.o(RESET)
</UL>
<P><STRONG><a name="[7b]"></a>EXTI9_5_IRQHandler</STRONG> (Thumb, 0 bytes, Stack size 0 bytes, startup_stm32f407xx.o(.text))
<BR>[Address Reference Count : 1]<UL><LI> startup_stm32f407xx.o(RESET)
</UL>
<P><STRONG><a name="[68]"></a>FLASH_IRQHandler</STRONG> (Thumb, 0 bytes, Stack size 0 bytes, startup_stm32f407xx.o(.text))
<BR>[Address Reference Count : 1]<UL><LI> startup_stm32f407xx.o(RESET)
</UL>
<P><STRONG><a name="[94]"></a>FMC_IRQHandler</STRONG> (Thumb, 0 bytes, Stack size 0 bytes, startup_stm32f407xx.o(.text))
<BR>[Address Reference Count : 1]<UL><LI> startup_stm32f407xx.o(RESET)
</UL>
<P><STRONG><a name="[b4]"></a>FPU_IRQHandler</STRONG> (Thumb, 0 bytes, Stack size 0 bytes, startup_stm32f407xx.o(.text))
<BR>[Address Reference Count : 1]<UL><LI> startup_stm32f407xx.o(RESET)
</UL>
<P><STRONG><a name="[b3]"></a>HASH_RNG_IRQHandler</STRONG> (Thumb, 0 bytes, Stack size 0 bytes, startup_stm32f407xx.o(.text))
<BR>[Address Reference Count : 1]<UL><LI> startup_stm32f407xx.o(RESET)
</UL>
<P><STRONG><a name="[84]"></a>I2C1_ER_IRQHandler</STRONG> (Thumb, 0 bytes, Stack size 0 bytes, startup_stm32f407xx.o(.text))
<BR>[Address Reference Count : 1]<UL><LI> startup_stm32f407xx.o(RESET)
</UL>
<P><STRONG><a name="[83]"></a>I2C1_EV_IRQHandler</STRONG> (Thumb, 0 bytes, Stack size 0 bytes, startup_stm32f407xx.o(.text))
<BR>[Address Reference Count : 1]<UL><LI> startup_stm32f407xx.o(RESET)
</UL>
<P><STRONG><a name="[86]"></a>I2C2_ER_IRQHandler</STRONG> (Thumb, 0 bytes, Stack size 0 bytes, startup_stm32f407xx.o(.text))
<BR>[Address Reference Count : 1]<UL><LI> startup_stm32f407xx.o(RESET)
</UL>
<P><STRONG><a name="[85]"></a>I2C2_EV_IRQHandler</STRONG> (Thumb, 0 bytes, Stack size 0 bytes, startup_stm32f407xx.o(.text))
<BR>[Address Reference Count : 1]<UL><LI> startup_stm32f407xx.o(RESET)
</UL>
<P><STRONG><a name="[ad]"></a>I2C3_ER_IRQHandler</STRONG> (Thumb, 0 bytes, Stack size 0 bytes, startup_stm32f407xx.o(.text))
<BR>[Address Reference Count : 1]<UL><LI> startup_stm32f407xx.o(RESET)
</UL>
<P><STRONG><a name="[ac]"></a>I2C3_EV_IRQHandler</STRONG> (Thumb, 0 bytes, Stack size 0 bytes, startup_stm32f407xx.o(.text))
<BR>[Address Reference Count : 1]<UL><LI> startup_stm32f407xx.o(RESET)
</UL>
<P><STRONG><a name="[8e]"></a>OTG_FS_WKUP_IRQHandler</STRONG> (Thumb, 0 bytes, Stack size 0 bytes, startup_stm32f407xx.o(.text))
<BR>[Address Reference Count : 1]<UL><LI> startup_stm32f407xx.o(RESET)
</UL>
<P><STRONG><a name="[af]"></a>OTG_HS_EP1_IN_IRQHandler</STRONG> (Thumb, 0 bytes, Stack size 0 bytes, startup_stm32f407xx.o(.text))
<BR>[Address Reference Count : 1]<UL><LI> startup_stm32f407xx.o(RESET)
</UL>
<P><STRONG><a name="[ae]"></a>OTG_HS_EP1_OUT_IRQHandler</STRONG> (Thumb, 0 bytes, Stack size 0 bytes, startup_stm32f407xx.o(.text))
<BR>[Address Reference Count : 1]<UL><LI> startup_stm32f407xx.o(RESET)
</UL>
<P><STRONG><a name="[b1]"></a>OTG_HS_IRQHandler</STRONG> (Thumb, 0 bytes, Stack size 0 bytes, startup_stm32f407xx.o(.text))
<BR>[Address Reference Count : 1]<UL><LI> startup_stm32f407xx.o(RESET)
</UL>
<P><STRONG><a name="[b0]"></a>OTG_HS_WKUP_IRQHandler</STRONG> (Thumb, 0 bytes, Stack size 0 bytes, startup_stm32f407xx.o(.text))
<BR>[Address Reference Count : 1]<UL><LI> startup_stm32f407xx.o(RESET)
</UL>
<P><STRONG><a name="[65]"></a>PVD_IRQHandler</STRONG> (Thumb, 0 bytes, Stack size 0 bytes, startup_stm32f407xx.o(.text))
<BR>[Address Reference Count : 1]<UL><LI> startup_stm32f407xx.o(RESET)
</UL>
<P><STRONG><a name="[69]"></a>RCC_IRQHandler</STRONG> (Thumb, 0 bytes, Stack size 0 bytes, startup_stm32f407xx.o(.text))
<BR>[Address Reference Count : 1]<UL><LI> startup_stm32f407xx.o(RESET)
</UL>
<P><STRONG><a name="[8d]"></a>RTC_Alarm_IRQHandler</STRONG> (Thumb, 0 bytes, Stack size 0 bytes, startup_stm32f407xx.o(.text))
<BR>[Address Reference Count : 1]<UL><LI> startup_stm32f407xx.o(RESET)
</UL>
<P><STRONG><a name="[67]"></a>RTC_WKUP_IRQHandler</STRONG> (Thumb, 0 bytes, Stack size 0 bytes, startup_stm32f407xx.o(.text))
<BR>[Address Reference Count : 1]<UL><LI> startup_stm32f407xx.o(RESET)
</UL>
<P><STRONG><a name="[95]"></a>SDIO_IRQHandler</STRONG> (Thumb, 0 bytes, Stack size 0 bytes, startup_stm32f407xx.o(.text))
<BR>[Address Reference Count : 1]<UL><LI> startup_stm32f407xx.o(RESET)
</UL>
<P><STRONG><a name="[87]"></a>SPI1_IRQHandler</STRONG> (Thumb, 0 bytes, Stack size 0 bytes, startup_stm32f407xx.o(.text))
<BR>[Address Reference Count : 1]<UL><LI> startup_stm32f407xx.o(RESET)
</UL>
<P><STRONG><a name="[88]"></a>SPI2_IRQHandler</STRONG> (Thumb, 0 bytes, Stack size 0 bytes, startup_stm32f407xx.o(.text))
<BR>[Address Reference Count : 1]<UL><LI> startup_stm32f407xx.o(RESET)
</UL>
<P><STRONG><a name="[97]"></a>SPI3_IRQHandler</STRONG> (Thumb, 0 bytes, Stack size 0 bytes, startup_stm32f407xx.o(.text))
<BR>[Address Reference Count : 1]<UL><LI> startup_stm32f407xx.o(RESET)
</UL>
<P><STRONG><a name="[66]"></a>TAMP_STAMP_IRQHandler</STRONG> (Thumb, 0 bytes, Stack size 0 bytes, startup_stm32f407xx.o(.text))
<BR>[Address Reference Count : 1]<UL><LI> startup_stm32f407xx.o(RESET)
</UL>
<P><STRONG><a name="[7c]"></a>TIM1_BRK_TIM9_IRQHandler</STRONG> (Thumb, 0 bytes, Stack size 0 bytes, startup_stm32f407xx.o(.text))
<BR>[Address Reference Count : 1]<UL><LI> startup_stm32f407xx.o(RESET)
</UL>
<P><STRONG><a name="[7f]"></a>TIM1_CC_IRQHandler</STRONG> (Thumb, 0 bytes, Stack size 0 bytes, startup_stm32f407xx.o(.text))
<BR>[Address Reference Count : 1]<UL><LI> startup_stm32f407xx.o(RESET)
</UL>
<P><STRONG><a name="[7e]"></a>TIM1_TRG_COM_TIM11_IRQHandler</STRONG> (Thumb, 0 bytes, Stack size 0 bytes, startup_stm32f407xx.o(.text))
<BR>[Address Reference Count : 1]<UL><LI> startup_stm32f407xx.o(RESET)
</UL>
<P><STRONG><a name="[80]"></a>TIM2_IRQHandler</STRONG> (Thumb, 0 bytes, Stack size 0 bytes, startup_stm32f407xx.o(.text))
<BR>[Address Reference Count : 1]<UL><LI> startup_stm32f407xx.o(RESET)
</UL>
<P><STRONG><a name="[81]"></a>TIM3_IRQHandler</STRONG> (Thumb, 0 bytes, Stack size 0 bytes, startup_stm32f407xx.o(.text))
<BR>[Address Reference Count : 1]<UL><LI> startup_stm32f407xx.o(RESET)
</UL>
<P><STRONG><a name="[82]"></a>TIM4_IRQHandler</STRONG> (Thumb, 0 bytes, Stack size 0 bytes, startup_stm32f407xx.o(.text))
<BR>[Address Reference Count : 1]<UL><LI> startup_stm32f407xx.o(RESET)
</UL>
<P><STRONG><a name="[96]"></a>TIM5_IRQHandler</STRONG> (Thumb, 0 bytes, Stack size 0 bytes, startup_stm32f407xx.o(.text))
<BR>[Address Reference Count : 1]<UL><LI> startup_stm32f407xx.o(RESET)
</UL>
<P><STRONG><a name="[9a]"></a>TIM6_DAC_IRQHandler</STRONG> (Thumb, 0 bytes, Stack size 0 bytes, startup_stm32f407xx.o(.text))
<BR>[Address Reference Count : 1]<UL><LI> startup_stm32f407xx.o(RESET)
</UL>
<P><STRONG><a name="[9b]"></a>TIM7_IRQHandler</STRONG> (Thumb, 0 bytes, Stack size 0 bytes, startup_stm32f407xx.o(.text))
<BR>[Address Reference Count : 1]<UL><LI> startup_stm32f407xx.o(RESET)
</UL>
<P><STRONG><a name="[8f]"></a>TIM8_BRK_TIM12_IRQHandler</STRONG> (Thumb, 0 bytes, Stack size 0 bytes, startup_stm32f407xx.o(.text))
<BR>[Address Reference Count : 1]<UL><LI> startup_stm32f407xx.o(RESET)
</UL>
<P><STRONG><a name="[92]"></a>TIM8_CC_IRQHandler</STRONG> (Thumb, 0 bytes, Stack size 0 bytes, startup_stm32f407xx.o(.text))
<BR>[Address Reference Count : 1]<UL><LI> startup_stm32f407xx.o(RESET)
</UL>
<P><STRONG><a name="[91]"></a>TIM8_TRG_COM_TIM14_IRQHandler</STRONG> (Thumb, 0 bytes, Stack size 0 bytes, startup_stm32f407xx.o(.text))
<BR>[Address Reference Count : 1]<UL><LI> startup_stm32f407xx.o(RESET)
</UL>
<P><STRONG><a name="[90]"></a>TIM8_UP_TIM13_IRQHandler</STRONG> (Thumb, 0 bytes, Stack size 0 bytes, startup_stm32f407xx.o(.text))
<BR>[Address Reference Count : 1]<UL><LI> startup_stm32f407xx.o(RESET)
</UL>
<P><STRONG><a name="[99]"></a>UART5_IRQHandler</STRONG> (Thumb, 0 bytes, Stack size 0 bytes, startup_stm32f407xx.o(.text))
<BR>[Address Reference Count : 1]<UL><LI> startup_stm32f407xx.o(RESET)
</UL>
<P><STRONG><a name="[ab]"></a>USART6_IRQHandler</STRONG> (Thumb, 0 bytes, Stack size 0 bytes, startup_stm32f407xx.o(.text))
<BR>[Address Reference Count : 1]<UL><LI> startup_stm32f407xx.o(RESET)
</UL>
<P><STRONG><a name="[64]"></a>WWDG_IRQHandler</STRONG> (Thumb, 0 bytes, Stack size 0 bytes, startup_stm32f407xx.o(.text))
<BR>[Address Reference Count : 1]<UL><LI> startup_stm32f407xx.o(RESET)
</UL>
<P><STRONG><a name="[154]"></a>__aeabi_uldivmod</STRONG> (Thumb, 98 bytes, Stack size 0 bytes, uldiv.o(.text))
<BR><BR>[Calls]<UL><LI><a href="#[155]">&gt;&gt;</a>&nbsp;&nbsp;&nbsp;__aeabi_llsr
<LI><a href="#[156]">&gt;&gt;</a>&nbsp;&nbsp;&nbsp;__aeabi_llsl
</UL>
<BR>[Called By]<UL><LI><a href="#[359]">&gt;&gt;</a>&nbsp;&nbsp;&nbsp;HAL_RCC_GetSysClockFreq
<LI><a href="#[371]">&gt;&gt;</a>&nbsp;&nbsp;&nbsp;UART_SetConfig
<LI><a href="#[294]">&gt;&gt;</a>&nbsp;&nbsp;&nbsp;DjiUnit_Conversion
<LI><a href="#[157]">&gt;&gt;</a>&nbsp;&nbsp;&nbsp;__aeabi_ldivmod
<LI><a href="#[3de]">&gt;&gt;</a>&nbsp;&nbsp;&nbsp;_printf_core
<LI><a href="#[3eb]">&gt;&gt;</a>&nbsp;&nbsp;&nbsp;_fp_digits
</UL>

<P><STRONG><a name="[157]"></a>__aeabi_ldivmod</STRONG> (Thumb, 98 bytes, Stack size 0 bytes, ldiv.o(.text))
<BR><BR>[Calls]<UL><LI><a href="#[154]">&gt;&gt;</a>&nbsp;&nbsp;&nbsp;__aeabi_uldivmod
</UL>
<BR>[Called By]<UL><LI><a href="#[114]">&gt;&gt;</a>&nbsp;&nbsp;&nbsp;DjiHighSpeedDataChannel_PushHighspeedChannelAvailableBandwidthHandle
</UL>

<P><STRONG><a name="[155]"></a>__aeabi_llsr</STRONG> (Thumb, 32 bytes, Stack size 0 bytes, llushr.o(.text))
<BR><BR>[Called By]<UL><LI><a href="#[168]">&gt;&gt;</a>&nbsp;&nbsp;&nbsp;__aeabi_d2iz
<LI><a href="#[169]">&gt;&gt;</a>&nbsp;&nbsp;&nbsp;__aeabi_d2uiz
<LI><a href="#[13a]">&gt;&gt;</a>&nbsp;&nbsp;&nbsp;SHA256_final
<LI><a href="#[154]">&gt;&gt;</a>&nbsp;&nbsp;&nbsp;__aeabi_uldivmod
<LI><a href="#[14f]">&gt;&gt;</a>&nbsp;&nbsp;&nbsp;SHA_final
<LI><a href="#[160]">&gt;&gt;</a>&nbsp;&nbsp;&nbsp;_double_epilogue
<LI><a href="#[175]">&gt;&gt;</a>&nbsp;&nbsp;&nbsp;__aeabi_d2ulz
</UL>

<P><STRONG><a name="[3f7]"></a>tolower</STRONG> (Thumb, 12 bytes, Stack size 0 bytes, tolower.o(.text))
<BR><BR>[Called By]<UL><LI><a href="#[3f6]">&gt;&gt;</a>&nbsp;&nbsp;&nbsp;case_insensitive_strcmp
</UL>

<P><STRONG><a name="[381]"></a>rand</STRONG> (Thumb, 20 bytes, Stack size 0 bytes, rand.o(.text))
<BR><BR>[Called By]<UL><LI><a href="#[101]">&gt;&gt;</a>&nbsp;&nbsp;&nbsp;Osal_GetRandomNum
</UL>

<P><STRONG><a name="[1af]"></a>__aeabi_memcpy</STRONG> (Thumb, 40 bytes, Stack size 0 bytes, memcpy.o(.text))
<BR><BR>[Called By]<UL><LI><a href="#[d3]">&gt;&gt;</a>&nbsp;&nbsp;&nbsp;ReceiveDataFromMobile
<LI><a href="#[39b]">&gt;&gt;</a>&nbsp;&nbsp;&nbsp;RingBuf_Put
<LI><a href="#[398]">&gt;&gt;</a>&nbsp;&nbsp;&nbsp;RingBuf_Get
<LI><a href="#[1fc]">&gt;&gt;</a>&nbsp;&nbsp;&nbsp;DjiCore_SetSerialNumber
<LI><a href="#[1e7]">&gt;&gt;</a>&nbsp;&nbsp;&nbsp;DjiCore_Init
<LI><a href="#[2f8]">&gt;&gt;</a>&nbsp;&nbsp;&nbsp;DjiUser_FillInUserInfo
<LI><a href="#[e2]">&gt;&gt;</a>&nbsp;&nbsp;&nbsp;ReceiveAudioData
<LI><a href="#[417]">&gt;&gt;</a>&nbsp;&nbsp;&nbsp;prvCopyDataToQueue
<LI><a href="#[416]">&gt;&gt;</a>&nbsp;&nbsp;&nbsp;prvCopyDataFromQueue
<LI><a href="#[20a]">&gt;&gt;</a>&nbsp;&nbsp;&nbsp;DjiHighSpeedDataChannel_GetDownloadStreamState
<LI><a href="#[274]">&gt;&gt;</a>&nbsp;&nbsp;&nbsp;DjiGimbalSubscription_GetLastValueOfTopic
<LI><a href="#[1ce]">&gt;&gt;</a>&nbsp;&nbsp;&nbsp;DjiBatteryLegacy_GetLastValueOfTopic
<LI><a href="#[1ed]">&gt;&gt;</a>&nbsp;&nbsp;&nbsp;DjiProductInfo_Init
<LI><a href="#[1ca]">&gt;&gt;</a>&nbsp;&nbsp;&nbsp;DjiAuth_Sha256RsaVerify
<LI><a href="#[189]">&gt;&gt;</a>&nbsp;&nbsp;&nbsp;DjiCore_GetUserInfo
<LI><a href="#[14c]">&gt;&gt;</a>&nbsp;&nbsp;&nbsp;DjiProtocol_v1Unpack
<LI><a href="#[1d7]">&gt;&gt;</a>&nbsp;&nbsp;&nbsp;DjiBuffer_PutToBack
<LI><a href="#[1d3]">&gt;&gt;</a>&nbsp;&nbsp;&nbsp;DjiBuffer_GetFromFront
<LI><a href="#[110]">&gt;&gt;</a>&nbsp;&nbsp;&nbsp;DjiApplicationReadyState_GetVersionHandle
<LI><a href="#[111]">&gt;&gt;</a>&nbsp;&nbsp;&nbsp;DjiApplicationReadyState_GetSerialNumber
<LI><a href="#[1ab]">&gt;&gt;</a>&nbsp;&nbsp;&nbsp;DjiCommand_SendSync
<LI><a href="#[1ae]">&gt;&gt;</a>&nbsp;&nbsp;&nbsp;DjiCommand_SendAckData
<LI><a href="#[11d]">&gt;&gt;</a>&nbsp;&nbsp;&nbsp;DjiWidgetSpeaker_SetWidgetSpeakerValueHandle
<LI><a href="#[313]">&gt;&gt;</a>&nbsp;&nbsp;&nbsp;DjiWidgetSpeaker_PushSpeakerState
<LI><a href="#[11e]">&gt;&gt;</a>&nbsp;&nbsp;&nbsp;DjiWidgetSpeaker_AudioDataTransmissionHandle
<LI><a href="#[31a]">&gt;&gt;</a>&nbsp;&nbsp;&nbsp;DjiWidget_PushWidgetStatePacket
<LI><a href="#[e4]">&gt;&gt;</a>&nbsp;&nbsp;&nbsp;DjiWidgetFloatingWindow_SendDataToFloatWindowWithoutFlowControl
<LI><a href="#[1ad]">&gt;&gt;</a>&nbsp;&nbsp;&nbsp;DjiCommand_SendAsync
<LI><a href="#[2a1]">&gt;&gt;</a>&nbsp;&nbsp;&nbsp;DjiProductInfo_GetInfo
<LI><a href="#[11a]">&gt;&gt;</a>&nbsp;&nbsp;&nbsp;DjiProductInfo_GetPayloadInfoHandle
<LI><a href="#[2b0]">&gt;&gt;</a>&nbsp;&nbsp;&nbsp;DjiLowSpeedDataChannelParamConfig_Get
<LI><a href="#[2b7]">&gt;&gt;</a>&nbsp;&nbsp;&nbsp;DjiLowSpeedDataChannel_SendDataToPayloadbyV1WithoutFlowControl
<LI><a href="#[cc]">&gt;&gt;</a>&nbsp;&nbsp;&nbsp;DjiLowSpeedDataChannel_SendDataToPayloadbySdkWithoutFlowControl
<LI><a href="#[cb]">&gt;&gt;</a>&nbsp;&nbsp;&nbsp;DjiLowSpeedDataChannel_SendDataToOnboardComputerWithoutFlowControl
<LI><a href="#[c9]">&gt;&gt;</a>&nbsp;&nbsp;&nbsp;DjiLowSpeedDataChannel_SendDataToMobileWithoutFlowControl
<LI><a href="#[ca]">&gt;&gt;</a>&nbsp;&nbsp;&nbsp;DjiLowSpeedDataChannel_SendDataToCloudWithoutFlowControl
<LI><a href="#[27e]">&gt;&gt;</a>&nbsp;&nbsp;&nbsp;DjiStr_Duplicate
<LI><a href="#[2a2]">&gt;&gt;</a>&nbsp;&nbsp;&nbsp;DjiStr_PutStrToBuf
<LI><a href="#[12c]">&gt;&gt;</a>&nbsp;&nbsp;&nbsp;DjiIdentityVerify_RequestUploadPolicyFileHandle
<LI><a href="#[285]">&gt;&gt;</a>&nbsp;&nbsp;&nbsp;DjiFlowController_TryPutDataToBuffer
<LI><a href="#[20f]">&gt;&gt;</a>&nbsp;&nbsp;&nbsp;DjiDataDownloader_SendDownloadData
<LI><a href="#[129]">&gt;&gt;</a>&nbsp;&nbsp;&nbsp;DjiDataDownloader_DownloadDataRequest
<LI><a href="#[268]">&gt;&gt;</a>&nbsp;&nbsp;&nbsp;DjiDownloadFileWidget_GeneratedFileInfoList
<LI><a href="#[254]">&gt;&gt;</a>&nbsp;&nbsp;&nbsp;DjiDownloadFileHms_GeneratedFileInfoList
<LI><a href="#[c0]">&gt;&gt;</a>&nbsp;&nbsp;&nbsp;DjiCommand_SendSyncCallback
<LI><a href="#[1d8]">&gt;&gt;</a>&nbsp;&nbsp;&nbsp;DjiBuffer_PutToFront
<LI><a href="#[1cf]">&gt;&gt;</a>&nbsp;&nbsp;&nbsp;DjiBattery_GetSingleBatteryDynamicInfo
<LI><a href="#[128]">&gt;&gt;</a>&nbsp;&nbsp;&nbsp;DjiBattery_WholeInfoPushingHandle
<LI><a href="#[13b]">&gt;&gt;</a>&nbsp;&nbsp;&nbsp;SHA256_hash
<LI><a href="#[120]">&gt;&gt;</a>&nbsp;&nbsp;&nbsp;DjiAircraftConnection_ReceiveFCGetVersionHandle
<LI><a href="#[198]">&gt;&gt;</a>&nbsp;&nbsp;&nbsp;DjiSdkVersionAck_Parse
<LI><a href="#[19d]">&gt;&gt;</a>&nbsp;&nbsp;&nbsp;DjiCommand_Init
<LI><a href="#[150]">&gt;&gt;</a>&nbsp;&nbsp;&nbsp;SHA_hash
<LI><a href="#[2ab]">&gt;&gt;</a>&nbsp;&nbsp;&nbsp;DjiMsgq_Send
<LI><a href="#[2aa]">&gt;&gt;</a>&nbsp;&nbsp;&nbsp;DjiMsgq_Recv
<LI><a href="#[24]">&gt;&gt;</a>&nbsp;&nbsp;&nbsp;DjiHmsFileNormal_Init
<LI><a href="#[23]">&gt;&gt;</a>&nbsp;&nbsp;&nbsp;DjiHmsFileArray_GetFileData
<LI><a href="#[23e]">&gt;&gt;</a>&nbsp;&nbsp;&nbsp;DjiDeviceInfoParse_ParseHostInfo
<LI><a href="#[23c]">&gt;&gt;</a>&nbsp;&nbsp;&nbsp;DjiDeviceInfoParse_ParseDeviceInfo
<LI><a href="#[23f]">&gt;&gt;</a>&nbsp;&nbsp;&nbsp;DjiDeviceInfoParse_ParseDataInfo
<LI><a href="#[23d]">&gt;&gt;</a>&nbsp;&nbsp;&nbsp;DjiDeviceInfoParse_ParseChannelInfo
<LI><a href="#[2b9]">&gt;&gt;</a>&nbsp;&nbsp;&nbsp;DjiMemory_Realloc
<LI><a href="#[2d8]">&gt;&gt;</a>&nbsp;&nbsp;&nbsp;DjiRecorder_SendData
<LI><a href="#[131]">&gt;&gt;</a>&nbsp;&nbsp;&nbsp;DjiRecorder_PutDataToBuffer
<LI><a href="#[14b]">&gt;&gt;</a>&nbsp;&nbsp;&nbsp;DjiProtocol_v1Pack
<LI><a href="#[2c4]">&gt;&gt;</a>&nbsp;&nbsp;&nbsp;DjiPayloadNegotiate_NotifyHandle
<LI><a href="#[2c1]">&gt;&gt;</a>&nbsp;&nbsp;&nbsp;DjiPayloadNegotiate_DeviceInfoHandle
[...]

<P><STRONG><a name="[2df]"></a>DjiSdkActivate_ReportBruiedPointDataByV1</STRONG> (Thumb, 212 bytes, Stack size 0 bytes, dji_sdk_activate.o(i.DjiSdkActivate_ReportBruiedPointDataByV1))
<BR><BR>[Calls]<UL><LI><a href="#[2a1]">&gt;&gt;</a>&nbsp;&nbsp;&nbsp;DjiProductInfo_GetInfo
<LI><a href="#[188]">&gt;&gt;</a>&nbsp;&nbsp;&nbsp;__aeabi_memclr4
<LI><a href="#[182]">&gt;&gt;</a>&nbsp;&nbsp;&nbsp;__aeabi_memcpy4
<LI><a href="#[2e0]">&gt;&gt;</a>&nbsp;&nbsp;&nbsp;DjiSdkActivate_ReportEventData
</UL>
<BR>[Called By]<UL><LI><a href="#[135]">&gt;&gt;</a>&nbsp;&nbsp;&nbsp;DjiSdkActivate_ExtensionPortActivateSyncByV1
</UL>

<P><STRONG><a name="[2e0]"></a>DjiSdkActivate_ReportEventData</STRONG> (Thumb, 310 bytes, Stack size 0 bytes, dji_sdk_activate.o(i.DjiSdkActivate_ReportEventData))
<BR><BR>[Calls]<UL><LI><a href="#[187]">&gt;&gt;</a>&nbsp;&nbsp;&nbsp;DjiPlatform_GetOsalHandler
<LI><a href="#[18b]">&gt;&gt;</a>&nbsp;&nbsp;&nbsp;DjiLogger_Output
<LI><a href="#[1b8]">&gt;&gt;</a>&nbsp;&nbsp;&nbsp;DjiError_IsSuccess
<LI><a href="#[1b9]">&gt;&gt;</a>&nbsp;&nbsp;&nbsp;DjiError_GetErrorMsgElements
<LI><a href="#[1ab]">&gt;&gt;</a>&nbsp;&nbsp;&nbsp;DjiCommand_SendSync
<LI><a href="#[1a9]">&gt;&gt;</a>&nbsp;&nbsp;&nbsp;DjiCommand_GetSeqNum
<LI><a href="#[1a8]">&gt;&gt;</a>&nbsp;&nbsp;&nbsp;DjiAccessAdapter_GetCmdHandle
<LI><a href="#[1af]">&gt;&gt;</a>&nbsp;&nbsp;&nbsp;__aeabi_memcpy
<LI><a href="#[4]">&gt;&gt;</a>&nbsp;&nbsp;&nbsp;free
</UL>
<BR>[Called By]<UL><LI><a href="#[2df]">&gt;&gt;</a>&nbsp;&nbsp;&nbsp;DjiSdkActivate_ReportBruiedPointDataByV1
</UL>

<P><STRONG><a name="[39d]"></a>SHA1_Transform</STRONG> (Thumb, 260 bytes, Stack size 0 bytes, dji_sha.o(i.SHA1_Transform))
<BR><BR>[Called By]<UL><LI><a href="#[14e]">&gt;&gt;</a>&nbsp;&nbsp;&nbsp;SHA_update
</UL>

<P><STRONG><a name="[4d]"></a>DjiDataSubscriptionDb2_DeInit</STRONG> (Thumb, 444 bytes, Stack size 0 bytes, dji_data_subscription_db2.o(i.DjiDataSubscriptionDb2_DeInit))
<BR><BR>[Calls]<UL><LI><a href="#[18b]">&gt;&gt;</a>&nbsp;&nbsp;&nbsp;DjiLogger_Output
<LI><a href="#[1dd]">&gt;&gt;</a>&nbsp;&nbsp;&nbsp;DjiCommand_AntiRegRecvCmdHandler
<LI><a href="#[1a8]">&gt;&gt;</a>&nbsp;&nbsp;&nbsp;DjiAccessAdapter_GetCmdHandle
<LI><a href="#[212]">&gt;&gt;</a>&nbsp;&nbsp;&nbsp;DjiDataSubscriptionParamConfig_Get
<LI><a href="#[182]">&gt;&gt;</a>&nbsp;&nbsp;&nbsp;__aeabi_memcpy4
<LI><a href="#[217]">&gt;&gt;</a>&nbsp;&nbsp;&nbsp;DjiDataSubscriptionTopic_TopicTableDeinit
<LI><a href="#[214]">&gt;&gt;</a>&nbsp;&nbsp;&nbsp;DjiDataSubscriptionPublisher_GetPublishersInfoOfM300
<LI><a href="#[213]">&gt;&gt;</a>&nbsp;&nbsp;&nbsp;DjiDataSubscriptionPublisher_GetPublishersInfoOfM200V2
<LI><a href="#[216]">&gt;&gt;</a>&nbsp;&nbsp;&nbsp;DjiDataSubscriptionPublisher_DeinitPublisher
<LI><a href="#[215]">&gt;&gt;</a>&nbsp;&nbsp;&nbsp;DjiDataSubscriptionPackage_Deinit
</UL>
<BR>[Address Reference Count : 1]<UL><LI> dji_data_subscription_db2.o(.data)
</UL>
<P><STRONG><a name="[50]"></a>DjiDataSubscriptionDb2_GetLastValue</STRONG> (Thumb, 218 bytes, Stack size 0 bytes, dji_data_subscription_db2.o(i.DjiDataSubscriptionDb2_GetLastValue))
<BR><BR>[Calls]<UL><LI><a href="#[18b]">&gt;&gt;</a>&nbsp;&nbsp;&nbsp;DjiLogger_Output
<LI><a href="#[1b8]">&gt;&gt;</a>&nbsp;&nbsp;&nbsp;DjiError_IsSuccess
<LI><a href="#[1b9]">&gt;&gt;</a>&nbsp;&nbsp;&nbsp;DjiError_GetErrorMsgElements
<LI><a href="#[212]">&gt;&gt;</a>&nbsp;&nbsp;&nbsp;DjiDataSubscriptionParamConfig_Get
<LI><a href="#[218]">&gt;&gt;</a>&nbsp;&nbsp;&nbsp;DjiDataSubscriptionTopic_GetValueOfTopic
</UL>
<BR>[Address Reference Count : 1]<UL><LI> dji_data_subscription_db2.o(.data)
</UL>
<P><STRONG><a name="[4c]"></a>DjiDataSubscriptionDb2_Init</STRONG> (Thumb, 514 bytes, Stack size 0 bytes, dji_data_subscription_db2.o(i.DjiDataSubscriptionDb2_Init))
<BR><BR>[Calls]<UL><LI><a href="#[21b]">&gt;&gt;</a>&nbsp;&nbsp;&nbsp;DjiDataSubscription_DeInit
<LI><a href="#[18b]">&gt;&gt;</a>&nbsp;&nbsp;&nbsp;DjiLogger_Output
<LI><a href="#[1b1]">&gt;&gt;</a>&nbsp;&nbsp;&nbsp;DjiCommand_RegRecvCmdHandler
<LI><a href="#[1a8]">&gt;&gt;</a>&nbsp;&nbsp;&nbsp;DjiAccessAdapter_GetCmdHandle
<LI><a href="#[212]">&gt;&gt;</a>&nbsp;&nbsp;&nbsp;DjiDataSubscriptionParamConfig_Get
<LI><a href="#[182]">&gt;&gt;</a>&nbsp;&nbsp;&nbsp;__aeabi_memcpy4
<LI><a href="#[219]">&gt;&gt;</a>&nbsp;&nbsp;&nbsp;DjiDataSubscriptionTopic_TopicTableInit
<LI><a href="#[21a]">&gt;&gt;</a>&nbsp;&nbsp;&nbsp;DjiDataSubscriptionPublisher_InitPublisher
<LI><a href="#[214]">&gt;&gt;</a>&nbsp;&nbsp;&nbsp;DjiDataSubscriptionPublisher_GetPublishersInfoOfM300
<LI><a href="#[213]">&gt;&gt;</a>&nbsp;&nbsp;&nbsp;DjiDataSubscriptionPublisher_GetPublishersInfoOfM200V2
</UL>
<BR>[Address Reference Count : 1]<UL><LI> dji_data_subscription_db2.o(.data)
</UL>
<P><STRONG><a name="[4e]"></a>DjiDataSubscriptionDb2_SubscribeTopic</STRONG> (Thumb, 1450 bytes, Stack size 0 bytes, dji_data_subscription_db2.o(i.DjiDataSubscriptionDb2_SubscribeTopic))
<BR><BR>[Calls]<UL><LI><a href="#[18b]">&gt;&gt;</a>&nbsp;&nbsp;&nbsp;DjiLogger_Output
<LI><a href="#[1b8]">&gt;&gt;</a>&nbsp;&nbsp;&nbsp;DjiError_IsSuccess
<LI><a href="#[1b9]">&gt;&gt;</a>&nbsp;&nbsp;&nbsp;DjiError_GetErrorMsgElements
<LI><a href="#[212]">&gt;&gt;</a>&nbsp;&nbsp;&nbsp;DjiDataSubscriptionParamConfig_Get
<LI><a href="#[220]">&gt;&gt;</a>&nbsp;&nbsp;&nbsp;DjiDataSubscriptionTopic_UpdateMultiSubArgForTopic
<LI><a href="#[21c]">&gt;&gt;</a>&nbsp;&nbsp;&nbsp;DjiDataSubscriptionTopic_GetTopicPara
<LI><a href="#[214]">&gt;&gt;</a>&nbsp;&nbsp;&nbsp;DjiDataSubscriptionPublisher_GetPublishersInfoOfM300
<LI><a href="#[213]">&gt;&gt;</a>&nbsp;&nbsp;&nbsp;DjiDataSubscriptionPublisher_GetPublishersInfoOfM200V2
<LI><a href="#[21e]">&gt;&gt;</a>&nbsp;&nbsp;&nbsp;DjiDataSubscriptionPublisher_FindPackageByTopicName
<LI><a href="#[21f]">&gt;&gt;</a>&nbsp;&nbsp;&nbsp;DjiDataSubscriptionPublisher_FindPackageByFrequency
<LI><a href="#[222]">&gt;&gt;</a>&nbsp;&nbsp;&nbsp;DjiDataSubscriptionPublisher_FindIdlePackage
<LI><a href="#[21d]">&gt;&gt;</a>&nbsp;&nbsp;&nbsp;DjiDataSubscriptionPublisher_CheckTopicSupported
<LI><a href="#[223]">&gt;&gt;</a>&nbsp;&nbsp;&nbsp;DjiDataSubscriptionPackage_Init
<LI><a href="#[221]">&gt;&gt;</a>&nbsp;&nbsp;&nbsp;DjiDataSubscriptionPackage_AddTopic
<LI><a href="#[4f]">&gt;&gt;</a>&nbsp;&nbsp;&nbsp;DjiDataSubscriptionDb2_UnsubscribeTopic
</UL>
<BR>[Address Reference Count : 1]<UL><LI> dji_data_subscription_db2.o(.data)
</UL>
<P><STRONG><a name="[4f]"></a>DjiDataSubscriptionDb2_UnsubscribeTopic</STRONG> (Thumb, 450 bytes, Stack size 0 bytes, dji_data_subscription_db2.o(i.DjiDataSubscriptionDb2_UnsubscribeTopic))
<BR><BR>[Calls]<UL><LI><a href="#[18b]">&gt;&gt;</a>&nbsp;&nbsp;&nbsp;DjiLogger_Output
<LI><a href="#[1b8]">&gt;&gt;</a>&nbsp;&nbsp;&nbsp;DjiError_IsSuccess
<LI><a href="#[1b9]">&gt;&gt;</a>&nbsp;&nbsp;&nbsp;DjiError_GetErrorMsgElements
<LI><a href="#[212]">&gt;&gt;</a>&nbsp;&nbsp;&nbsp;DjiDataSubscriptionParamConfig_Get
<LI><a href="#[214]">&gt;&gt;</a>&nbsp;&nbsp;&nbsp;DjiDataSubscriptionPublisher_GetPublishersInfoOfM300
<LI><a href="#[213]">&gt;&gt;</a>&nbsp;&nbsp;&nbsp;DjiDataSubscriptionPublisher_GetPublishersInfoOfM200V2
<LI><a href="#[21e]">&gt;&gt;</a>&nbsp;&nbsp;&nbsp;DjiDataSubscriptionPublisher_FindPackageByTopicName
<LI><a href="#[21d]">&gt;&gt;</a>&nbsp;&nbsp;&nbsp;DjiDataSubscriptionPublisher_CheckTopicSupported
<LI><a href="#[224]">&gt;&gt;</a>&nbsp;&nbsp;&nbsp;DjiDataSubscriptionPackage_CutTopic
</UL>
<BR>[Called By]<UL><LI><a href="#[4e]">&gt;&gt;</a>&nbsp;&nbsp;&nbsp;DjiDataSubscriptionDb2_SubscribeTopic
</UL>
<BR>[Address Reference Count : 1]<UL><LI> dji_data_subscription_db2.o(.data)
</UL>
<P><STRONG><a name="[2d0]"></a>DjiProtocol_sdkGetSessionId</STRONG> (Thumb, 204 bytes, Stack size 0 bytes, dji_protocol_sdk.o(i.DjiProtocol_sdkGetSessionId))
<BR><BR>[Called By]<UL><LI><a href="#[149]">&gt;&gt;</a>&nbsp;&nbsp;&nbsp;DjiProtocol_sdkPack
</UL>

<P><STRONG><a name="[2d3]"></a>DjijProtocol_sdkFindSessionId</STRONG> (Thumb, 86 bytes, Stack size 0 bytes, dji_protocol_sdk.o(i.DjijProtocol_sdkFindSessionId))
<BR><BR>[Called By]<UL><LI><a href="#[14a]">&gt;&gt;</a>&nbsp;&nbsp;&nbsp;DjiProtocol_sdkUnpack
</UL>

<P><STRONG><a name="[233]"></a>DjiDataSubscriptionPackage_Subscribe</STRONG> (Thumb, 108 bytes, Stack size 0 bytes, dji_data_subscription_package.o(i.DjiDataSubscriptionPackage_Subscribe))
<BR><BR>[Calls]<UL><LI><a href="#[18b]">&gt;&gt;</a>&nbsp;&nbsp;&nbsp;DjiLogger_Output
<LI><a href="#[212]">&gt;&gt;</a>&nbsp;&nbsp;&nbsp;DjiDataSubscriptionParamConfig_Get
<LI><a href="#[230]">&gt;&gt;</a>&nbsp;&nbsp;&nbsp;DjiDataSubscriptionOps_GetOpsSync
</UL>
<BR>[Called By]<UL><LI><a href="#[224]">&gt;&gt;</a>&nbsp;&nbsp;&nbsp;DjiDataSubscriptionPackage_CutTopic
<LI><a href="#[221]">&gt;&gt;</a>&nbsp;&nbsp;&nbsp;DjiDataSubscriptionPackage_AddTopic
</UL>

<P><STRONG><a name="[231]"></a>DjiDataSubscriptionPackage_UnSubscribe</STRONG> (Thumb, 108 bytes, Stack size 0 bytes, dji_data_subscription_package.o(i.DjiDataSubscriptionPackage_UnSubscribe))
<BR><BR>[Calls]<UL><LI><a href="#[18b]">&gt;&gt;</a>&nbsp;&nbsp;&nbsp;DjiLogger_Output
<LI><a href="#[212]">&gt;&gt;</a>&nbsp;&nbsp;&nbsp;DjiDataSubscriptionParamConfig_Get
<LI><a href="#[230]">&gt;&gt;</a>&nbsp;&nbsp;&nbsp;DjiDataSubscriptionOps_GetOpsSync
</UL>
<BR>[Called By]<UL><LI><a href="#[224]">&gt;&gt;</a>&nbsp;&nbsp;&nbsp;DjiDataSubscriptionPackage_CutTopic
<LI><a href="#[221]">&gt;&gt;</a>&nbsp;&nbsp;&nbsp;DjiDataSubscriptionPackage_AddTopic
</UL>

<P><STRONG><a name="[51]"></a>DjiDataSubscriptionPublisher_RecvFCDataDb2Handle</STRONG> (Thumb, 396 bytes, Stack size 0 bytes, dji_data_subscription_publisher.o(i.DjiDataSubscriptionPublisher_RecvFCDataDb2Handle))
<BR><BR>[Calls]<UL><LI><a href="#[187]">&gt;&gt;</a>&nbsp;&nbsp;&nbsp;DjiPlatform_GetOsalHandler
<LI><a href="#[18b]">&gt;&gt;</a>&nbsp;&nbsp;&nbsp;DjiLogger_Output
<LI><a href="#[212]">&gt;&gt;</a>&nbsp;&nbsp;&nbsp;DjiDataSubscriptionParamConfig_Get
<LI><a href="#[1af]">&gt;&gt;</a>&nbsp;&nbsp;&nbsp;__aeabi_memcpy
<LI><a href="#[236]">&gt;&gt;</a>&nbsp;&nbsp;&nbsp;DjiDataSubscriptionTopic_CallAsyncCallbackOfTopic
<LI><a href="#[235]">&gt;&gt;</a>&nbsp;&nbsp;&nbsp;DjiDataSubscriptionPublisher_FindPackageByIndex
<LI><a href="#[232]">&gt;&gt;</a>&nbsp;&nbsp;&nbsp;DjiDataSubscriptionTopic_UpdateDataForTopic
<LI><a href="#[214]">&gt;&gt;</a>&nbsp;&nbsp;&nbsp;DjiDataSubscriptionPublisher_GetPublishersInfoOfM300
<LI><a href="#[213]">&gt;&gt;</a>&nbsp;&nbsp;&nbsp;DjiDataSubscriptionPublisher_GetPublishersInfoOfM200V2
</UL>
<BR>[Address Reference Count : 1]<UL><LI> dji_data_subscription_publisher.o(.data)
</UL>
<P><STRONG><a name="[58]"></a>DjiDataSubscriptionOps_AddPackageDb2ByOPSync</STRONG> (Thumb, 448 bytes, Stack size 0 bytes, dji_data_subscription_ops.o(i.DjiDataSubscriptionOps_AddPackageDb2ByOPSync))
<BR><BR>[Calls]<UL><LI><a href="#[187]">&gt;&gt;</a>&nbsp;&nbsp;&nbsp;DjiPlatform_GetOsalHandler
<LI><a href="#[18b]">&gt;&gt;</a>&nbsp;&nbsp;&nbsp;DjiLogger_Output
<LI><a href="#[1ab]">&gt;&gt;</a>&nbsp;&nbsp;&nbsp;DjiCommand_SendSync
<LI><a href="#[1a9]">&gt;&gt;</a>&nbsp;&nbsp;&nbsp;DjiCommand_GetSeqNum
<LI><a href="#[1a8]">&gt;&gt;</a>&nbsp;&nbsp;&nbsp;DjiAccessAdapter_GetCmdHandle
<LI><a href="#[158]">&gt;&gt;</a>&nbsp;&nbsp;&nbsp;__aeabi_memclr
<LI><a href="#[22f]">&gt;&gt;</a>&nbsp;&nbsp;&nbsp;DjiDataSubscription_GenerateUidListByTopicList
</UL>
<BR>[Address Reference Count : 1]<UL><LI> dji_data_subscription_ops.o(.data)
</UL>
<P><STRONG><a name="[54]"></a>DjiDataSubscriptionOps_AddPackageDb2ByV1Sync</STRONG> (Thumb, 494 bytes, Stack size 0 bytes, dji_data_subscription_ops.o(i.DjiDataSubscriptionOps_AddPackageDb2ByV1Sync))
<BR><BR>[Calls]<UL><LI><a href="#[187]">&gt;&gt;</a>&nbsp;&nbsp;&nbsp;DjiPlatform_GetOsalHandler
<LI><a href="#[18b]">&gt;&gt;</a>&nbsp;&nbsp;&nbsp;DjiLogger_Output
<LI><a href="#[1ab]">&gt;&gt;</a>&nbsp;&nbsp;&nbsp;DjiCommand_SendSync
<LI><a href="#[1a9]">&gt;&gt;</a>&nbsp;&nbsp;&nbsp;DjiCommand_GetSeqNum
<LI><a href="#[1a8]">&gt;&gt;</a>&nbsp;&nbsp;&nbsp;DjiAccessAdapter_GetCmdHandle
<LI><a href="#[212]">&gt;&gt;</a>&nbsp;&nbsp;&nbsp;DjiDataSubscriptionParamConfig_Get
<LI><a href="#[158]">&gt;&gt;</a>&nbsp;&nbsp;&nbsp;__aeabi_memclr
<LI><a href="#[22f]">&gt;&gt;</a>&nbsp;&nbsp;&nbsp;DjiDataSubscription_GenerateUidListByTopicList
</UL>
<BR>[Address Reference Count : 1]<UL><LI> dji_data_subscription_ops.o(.data)
</UL>
<P><STRONG><a name="[59]"></a>DjiDataSubscriptionOps_RemovePackageDb2ByOPSync</STRONG> (Thumb, 192 bytes, Stack size 0 bytes, dji_data_subscription_ops.o(i.DjiDataSubscriptionOps_RemovePackageDb2ByOPSync))
<BR><BR>[Calls]<UL><LI><a href="#[18b]">&gt;&gt;</a>&nbsp;&nbsp;&nbsp;DjiLogger_Output
<LI><a href="#[1ab]">&gt;&gt;</a>&nbsp;&nbsp;&nbsp;DjiCommand_SendSync
<LI><a href="#[1a9]">&gt;&gt;</a>&nbsp;&nbsp;&nbsp;DjiCommand_GetSeqNum
<LI><a href="#[1a8]">&gt;&gt;</a>&nbsp;&nbsp;&nbsp;DjiAccessAdapter_GetCmdHandle
</UL>
<BR>[Address Reference Count : 1]<UL><LI> dji_data_subscription_ops.o(.data)
</UL>
<P><STRONG><a name="[55]"></a>DjiDataSubscriptionOps_RemovePackageDb2ByV1Sync</STRONG> (Thumb, 248 bytes, Stack size 0 bytes, dji_data_subscription_ops.o(i.DjiDataSubscriptionOps_RemovePackageDb2ByV1Sync))
<BR><BR>[Calls]<UL><LI><a href="#[18b]">&gt;&gt;</a>&nbsp;&nbsp;&nbsp;DjiLogger_Output
<LI><a href="#[1ab]">&gt;&gt;</a>&nbsp;&nbsp;&nbsp;DjiCommand_SendSync
<LI><a href="#[1a9]">&gt;&gt;</a>&nbsp;&nbsp;&nbsp;DjiCommand_GetSeqNum
<LI><a href="#[1a8]">&gt;&gt;</a>&nbsp;&nbsp;&nbsp;DjiAccessAdapter_GetCmdHandle
<LI><a href="#[212]">&gt;&gt;</a>&nbsp;&nbsp;&nbsp;DjiDataSubscriptionParamConfig_Get
</UL>
<BR>[Address Reference Count : 1]<UL><LI> dji_data_subscription_ops.o(.data)
</UL>
<P><STRONG><a name="[57]"></a>DjiDataSubscriptionOps_ResetPublisherDb2ByOPSync</STRONG> (Thumb, 184 bytes, Stack size 0 bytes, dji_data_subscription_ops.o(i.DjiDataSubscriptionOps_ResetPublisherDb2ByOPSync))
<BR><BR>[Calls]<UL><LI><a href="#[18b]">&gt;&gt;</a>&nbsp;&nbsp;&nbsp;DjiLogger_Output
<LI><a href="#[1ab]">&gt;&gt;</a>&nbsp;&nbsp;&nbsp;DjiCommand_SendSync
<LI><a href="#[1a9]">&gt;&gt;</a>&nbsp;&nbsp;&nbsp;DjiCommand_GetSeqNum
<LI><a href="#[1a8]">&gt;&gt;</a>&nbsp;&nbsp;&nbsp;DjiAccessAdapter_GetCmdHandle
</UL>
<BR>[Address Reference Count : 1]<UL><LI> dji_data_subscription_ops.o(.data)
</UL>
<P><STRONG><a name="[53]"></a>DjiDataSubscriptionOps_ResetPublisherDb2ByV1Sync</STRONG> (Thumb, 230 bytes, Stack size 0 bytes, dji_data_subscription_ops.o(i.DjiDataSubscriptionOps_ResetPublisherDb2ByV1Sync))
<BR><BR>[Calls]<UL><LI><a href="#[18b]">&gt;&gt;</a>&nbsp;&nbsp;&nbsp;DjiLogger_Output
<LI><a href="#[1ab]">&gt;&gt;</a>&nbsp;&nbsp;&nbsp;DjiCommand_SendSync
<LI><a href="#[1a9]">&gt;&gt;</a>&nbsp;&nbsp;&nbsp;DjiCommand_GetSeqNum
<LI><a href="#[1a8]">&gt;&gt;</a>&nbsp;&nbsp;&nbsp;DjiAccessAdapter_GetCmdHandle
<LI><a href="#[212]">&gt;&gt;</a>&nbsp;&nbsp;&nbsp;DjiDataSubscriptionParamConfig_Get
</UL>
<BR>[Address Reference Count : 1]<UL><LI> dji_data_subscription_ops.o(.data)
</UL>
<P><STRONG><a name="[56]"></a>DjiDataSubscriptionOps_VerifyPublisherDb2ByOPSync</STRONG> (Thumb, 190 bytes, Stack size 0 bytes, dji_data_subscription_ops.o(i.DjiDataSubscriptionOps_VerifyPublisherDb2ByOPSync))
<BR><BR>[Calls]<UL><LI><a href="#[18b]">&gt;&gt;</a>&nbsp;&nbsp;&nbsp;DjiLogger_Output
<LI><a href="#[1ab]">&gt;&gt;</a>&nbsp;&nbsp;&nbsp;DjiCommand_SendSync
<LI><a href="#[1a9]">&gt;&gt;</a>&nbsp;&nbsp;&nbsp;DjiCommand_GetSeqNum
<LI><a href="#[1a8]">&gt;&gt;</a>&nbsp;&nbsp;&nbsp;DjiAccessAdapter_GetCmdHandle
</UL>
<BR>[Address Reference Count : 1]<UL><LI> dji_data_subscription_ops.o(.data)
</UL>
<P><STRONG><a name="[52]"></a>DjiDataSubscriptionOps_VerifyPublisherDb2ByV1Sync</STRONG> (Thumb, 6 bytes, Stack size 0 bytes, dji_data_subscription_ops.o(i.DjiDataSubscriptionOps_VerifyPublisherDb2ByV1Sync))
<BR>[Address Reference Count : 1]<UL><LI> dji_data_subscription_ops.o(.data)
</UL>
<P><STRONG><a name="[22f]"></a>DjiDataSubscription_GenerateUidListByTopicList</STRONG> (Thumb, 136 bytes, Stack size 0 bytes, dji_data_subscription_ops.o(i.DjiDataSubscription_GenerateUidListByTopicList))
<BR><BR>[Calls]<UL><LI><a href="#[18b]">&gt;&gt;</a>&nbsp;&nbsp;&nbsp;DjiLogger_Output
<LI><a href="#[1b8]">&gt;&gt;</a>&nbsp;&nbsp;&nbsp;DjiError_IsSuccess
<LI><a href="#[1b9]">&gt;&gt;</a>&nbsp;&nbsp;&nbsp;DjiError_GetErrorMsgElements
</UL>
<BR>[Called By]<UL><LI><a href="#[54]">&gt;&gt;</a>&nbsp;&nbsp;&nbsp;DjiDataSubscriptionOps_AddPackageDb2ByV1Sync
<LI><a href="#[58]">&gt;&gt;</a>&nbsp;&nbsp;&nbsp;DjiDataSubscriptionOps_AddPackageDb2ByOPSync
</UL>

<P><STRONG><a name="[3eb]"></a>_fp_digits</STRONG> (Thumb, 366 bytes, Stack size 0 bytes, printfa.o(i._fp_digits), UNUSED)
<BR><BR>[Calls]<UL><LI><a href="#[165]">&gt;&gt;</a>&nbsp;&nbsp;&nbsp;__aeabi_ddiv
<LI><a href="#[15e]">&gt;&gt;</a>&nbsp;&nbsp;&nbsp;__aeabi_dadd
<LI><a href="#[164]">&gt;&gt;</a>&nbsp;&nbsp;&nbsp;__aeabi_dmul
<LI><a href="#[3e9]">&gt;&gt;</a>&nbsp;&nbsp;&nbsp;__aeabi_cdrcmple
<LI><a href="#[154]">&gt;&gt;</a>&nbsp;&nbsp;&nbsp;__aeabi_uldivmod
<LI><a href="#[175]">&gt;&gt;</a>&nbsp;&nbsp;&nbsp;__aeabi_d2ulz
</UL>
<BR>[Called By]<UL><LI><a href="#[3de]">&gt;&gt;</a>&nbsp;&nbsp;&nbsp;_printf_core
</UL>

<P><STRONG><a name="[3de]"></a>_printf_core</STRONG> (Thumb, 1744 bytes, Stack size 0 bytes, printfa.o(i._printf_core), UNUSED)
<BR><BR>[Calls]<UL><LI><a href="#[154]">&gt;&gt;</a>&nbsp;&nbsp;&nbsp;__aeabi_uldivmod
<LI><a href="#[3ee]">&gt;&gt;</a>&nbsp;&nbsp;&nbsp;__aeabi_uidivmod
<LI><a href="#[3ec]">&gt;&gt;</a>&nbsp;&nbsp;&nbsp;_printf_pre_padding
<LI><a href="#[3ed]">&gt;&gt;</a>&nbsp;&nbsp;&nbsp;_printf_post_padding
<LI><a href="#[3eb]">&gt;&gt;</a>&nbsp;&nbsp;&nbsp;_fp_digits
</UL>
<BR>[Called By]<UL><LI><a href="#[3e1]">&gt;&gt;</a>&nbsp;&nbsp;&nbsp;__0vsnprintf
<LI><a href="#[3e0]">&gt;&gt;</a>&nbsp;&nbsp;&nbsp;__0sprintf
<LI><a href="#[3df]">&gt;&gt;</a>&nbsp;&nbsp;&nbsp;__0snprintf
<LI><a href="#[3dd]">&gt;&gt;</a>&nbsp;&nbsp;&nbsp;__0printf
</UL>

<P><STRONG><a name="[3ed]"></a>_printf_post_padding</STRONG> (Thumb, 36 bytes, Stack size 0 bytes, printfa.o(i._printf_post_padding), UNUSED)
<BR><BR>[Called By]<UL><LI><a href="#[3de]">&gt;&gt;</a>&nbsp;&nbsp;&nbsp;_printf_core
</UL>

<P><STRONG><a name="[3ec]"></a>_printf_pre_padding</STRONG> (Thumb, 46 bytes, Stack size 0 bytes, printfa.o(i._printf_pre_padding), UNUSED)
<BR><BR>[Called By]<UL><LI><a href="#[3de]">&gt;&gt;</a>&nbsp;&nbsp;&nbsp;_printf_core
</UL>

<P><STRONG><a name="[ea]"></a>_snputc</STRONG> (Thumb, 22 bytes, Stack size 0 bytes, printfa.o(i._snputc))
<BR>[Address Reference Count : 2]<UL><LI> printfa.o(i.__0snprintf)
<LI> printfa.o(i.__0vsnprintf)
</UL>
<P><STRONG><a name="[eb]"></a>_sputc</STRONG> (Thumb, 10 bytes, Stack size 0 bytes, printfa.o(i._sputc))
<BR><BR>[Called By]<UL><LI><a href="#[3e0]">&gt;&gt;</a>&nbsp;&nbsp;&nbsp;__0sprintf
</UL>
<BR>[Address Reference Count : 1]<UL><LI> printfa.o(i.__0sprintf)
</UL>
<P><STRONG><a name="[3ea]"></a>internal_alloc</STRONG> (Thumb, 76 bytes, Stack size 0 bytes, mallocr.o(i.internal_alloc))
<BR><BR>[Calls]<UL><LI><a href="#[1af]">&gt;&gt;</a>&nbsp;&nbsp;&nbsp;__aeabi_memcpy
</UL>
<BR>[Called By]<UL><LI><a href="#[5]">&gt;&gt;</a>&nbsp;&nbsp;&nbsp;realloc
<LI><a href="#[3]">&gt;&gt;</a>&nbsp;&nbsp;&nbsp;malloc
</UL>

<P><STRONG><a name="[16c]"></a>_fp_value</STRONG> (Thumb, 296 bytes, Stack size 0 bytes, scanf_fp.o(.text), UNUSED)
<BR><BR>[Calls]<UL><LI><a href="#[165]">&gt;&gt;</a>&nbsp;&nbsp;&nbsp;__aeabi_ddiv
<LI><a href="#[164]">&gt;&gt;</a>&nbsp;&nbsp;&nbsp;__aeabi_dmul
<LI><a href="#[16d]">&gt;&gt;</a>&nbsp;&nbsp;&nbsp;__aeabi_ul2d
</UL>
<BR>[Called By]<UL><LI><a href="#[16e]">&gt;&gt;</a>&nbsp;&nbsp;&nbsp;_scanf_really_real
</UL>

<P><STRONG><a name="[170]"></a>_local_sscanf</STRONG> (Thumb, 54 bytes, Stack size 0 bytes, strtod.o(.text))
<BR><BR>[Calls]<UL><LI><a href="#[171]">&gt;&gt;</a>&nbsp;&nbsp;&nbsp;_scanf_real
</UL>
<BR>[Called By]<UL><LI><a href="#[172]">&gt;&gt;</a>&nbsp;&nbsp;&nbsp;__strtod_int
</UL>
<P>
<H3>
Undefined Global Symbols
</H3><HR></body></html>
